[2026-05-13 03:04:51Z INFO HostContext] No proxy settings were found based on environmental variables (http_proxy/https_proxy/HTTP_PROXY/HTTPS_PROXY)
[2026-05-13 03:04:51Z INFO HostContext] Well known directory 'Bin': 'C:\Users\usuario\Downloads\Practica6Alumnos\Practica6Alumnos\actions-runner\bin'
[2026-05-13 03:04:51Z INFO HostContext] Well known directory 'Root': 'C:\Users\usuario\Downloads\Practica6Alumnos\Practica6Alumnos\actions-runner'
[2026-05-13 03:04:51Z INFO HostContext] Well known config file 'Credentials': 'C:\Users\usuario\Downloads\Practica6Alumnos\Practica6Alumnos\actions-runner\.credentials'
[2026-05-13 03:04:52Z INFO HostContext] Well known directory 'Bin': 'C:\Users\usuario\Downloads\Practica6Alumnos\Practica6Alumnos\actions-runner\bin'
[2026-05-13 03:04:52Z INFO HostContext] Well known directory 'Root': 'C:\Users\usuario\Downloads\Practica6Alumnos\Practica6Alumnos\actions-runner'
[2026-05-13 03:04:52Z INFO HostContext] Well known config file 'Runner': 'C:\Users\usuario\Downloads\Practica6Alumnos\Practica6Alumnos\actions-runner\.runner'
[2026-05-13 03:04:52Z INFO Listener] Runner is built for Windows (X64) - win-x64.
[2026-05-13 03:04:52Z INFO Listener] RuntimeInformation: Microsoft Windows 10.0.26100.
[2026-05-13 03:04:52Z INFO Listener] Version: 2.334.0
[2026-05-13 03:04:52Z INFO Listener] Commit: f1995ede5d885c997d13d8eca5467c4ce97fe69c
[2026-05-13 03:04:52Z INFO Listener] Culture: es-ES
[2026-05-13 03:04:52Z INFO Listener] UI Culture: es-ES
[2026-05-13 03:04:52Z INFO HostContext] Well known directory 'Bin': 'C:\Users\usuario\Downloads\Practica6Alumnos\Practica6Alumnos\actions-runner\bin'
[2026-05-13 03:04:52Z INFO HostContext] Well known directory 'Root': 'C:\Users\usuario\Downloads\Practica6Alumnos\Practica6Alumnos\actions-runner'
[2026-05-13 03:04:52Z INFO Listener] Validating directory permissions for: 'C:\Users\usuario\Downloads\Practica6Alumnos\Practica6Alumnos\actions-runner'
[2026-05-13 03:04:52Z INFO CommandLineParser] Parse
[2026-05-13 03:04:52Z INFO CommandLineParser] Parsing 1 args
[2026-05-13 03:04:52Z INFO CommandLineParser] parsing argument
[2026-05-13 03:04:52Z INFO CommandLineParser] HasArgs: False
[2026-05-13 03:04:52Z INFO CommandLineParser] Adding Command: run
[2026-05-13 03:04:52Z INFO Listener] Arguments parsed
[2026-05-13 03:04:52Z INFO Runner] ExecuteCommand
[2026-05-13 03:04:52Z INFO ConfigurationStore] currentAssemblyLocation: C:\Users\usuario\Downloads\Practica6Alumnos\Practica6Alumnos\actions-runner\bin\Runner.Listener.dll
[2026-05-13 03:04:52Z INFO HostContext] Well known directory 'Bin': 'C:\Users\usuario\Downloads\Practica6Alumnos\Practica6Alumnos\actions-runner\bin'
[2026-05-13 03:04:52Z INFO ConfigurationStore] binPath: C:\Users\usuario\Downloads\Practica6Alumnos\Practica6Alumnos\actions-runner\bin
[2026-05-13 03:04:52Z INFO HostContext] Well known directory 'Bin': 'C:\Users\usuario\Downloads\Practica6Alumnos\Practica6Alumnos\actions-runner\bin'
[2026-05-13 03:04:52Z INFO HostContext] Well known directory 'Root': 'C:\Users\usuario\Downloads\Practica6Alumnos\Practica6Alumnos\actions-runner'
[2026-05-13 03:04:52Z INFO ConfigurationStore] RootFolder: C:\Users\usuario\Downloads\Practica6Alumnos\Practica6Alumnos\actions-runner
[2026-05-13 03:04:52Z INFO HostContext] Well known directory 'Bin': 'C:\Users\usuario\Downloads\Practica6Alumnos\Practica6Alumnos\actions-runner\bin'
[2026-05-13 03:04:52Z INFO HostContext] Well known directory 'Root': 'C:\Users\usuario\Downloads\Practica6Alumnos\Practica6Alumnos\actions-runner'
[2026-05-13 03:04:52Z INFO HostContext] Well known config file 'Runner': 'C:\Users\usuario\Downloads\Practica6Alumnos\Practica6Alumnos\actions-runner\.runner'
[2026-05-13 03:04:52Z INFO ConfigurationStore] ConfigFilePath: C:\Users\usuario\Downloads\Practica6Alumnos\Practica6Alumnos\actions-runner\.runner
[2026-05-13 03:04:52Z INFO HostContext] Well known directory 'Bin': 'C:\Users\usuario\Downloads\Practica6Alumnos\Practica6Alumnos\actions-runner\bin'
[2026-05-13 03:04:52Z INFO HostContext] Well known directory 'Root': 'C:\Users\usuario\Downloads\Practica6Alumnos\Practica6Alumnos\actions-runner'
[2026-05-13 03:04:52Z INFO HostContext] Well known config file 'MigratedRunner': 'C:\Users\usuario\Downloads\Practica6Alumnos\Practica6Alumnos\actions-runner\.runner_migrated'
[2026-05-13 03:04:52Z INFO ConfigurationStore] MigratedConfigFilePath: C:\Users\usuario\Downloads\Practica6Alumnos\Practica6Alumnos\actions-runner\.runner_migrated
[2026-05-13 03:04:52Z INFO HostContext] Well known directory 'Bin': 'C:\Users\usuario\Downloads\Practica6Alumnos\Practica6Alumnos\actions-runner\bin'
[2026-05-13 03:04:52Z INFO HostContext] Well known directory 'Root': 'C:\Users\usuario\Downloads\Practica6Alumnos\Practica6Alumnos\actions-runner'
[2026-05-13 03:04:52Z INFO HostContext] Well known config file 'Credentials': 'C:\Users\usuario\Downloads\Practica6Alumnos\Practica6Alumnos\actions-runner\.credentials'
[2026-05-13 03:04:52Z INFO ConfigurationStore] CredFilePath: C:\Users\usuario\Downloads\Practica6Alumnos\Practica6Alumnos\actions-runner\.credentials
[2026-05-13 03:04:52Z INFO HostContext] Well known directory 'Bin': 'C:\Users\usuario\Downloads\Practica6Alumnos\Practica6Alumnos\actions-runner\bin'
[2026-05-13 03:04:52Z INFO HostContext] Well known directory 'Root': 'C:\Users\usuario\Downloads\Practica6Alumnos\Practica6Alumnos\actions-runner'
[2026-05-13 03:04:52Z INFO HostContext] Well known config file 'MigratedCredentials': 'C:\Users\usuario\Downloads\Practica6Alumnos\Practica6Alumnos\actions-runner\.credentials_migrated'
[2026-05-13 03:04:52Z INFO ConfigurationStore] MigratedCredFilePath: C:\Users\usuario\Downloads\Practica6Alumnos\Practica6Alumnos\actions-runner\.credentials_migrated
[2026-05-13 03:04:52Z INFO HostContext] Well known directory 'Bin': 'C:\Users\usuario\Downloads\Practica6Alumnos\Practica6Alumnos\actions-runner\bin'
[2026-05-13 03:04:52Z INFO HostContext] Well known directory 'Root': 'C:\Users\usuario\Downloads\Practica6Alumnos\Practica6Alumnos\actions-runner'
[2026-05-13 03:04:52Z INFO HostContext] Well known config file 'Service': 'C:\Users\usuario\Downloads\Practica6Alumnos\Practica6Alumnos\actions-runner\.service'
[2026-05-13 03:04:52Z INFO ConfigurationStore] ServiceConfigFilePath: C:\Users\usuario\Downloads\Practica6Alumnos\Practica6Alumnos\actions-runner\.service
[2026-05-13 03:04:52Z INFO CommandSettings] Flag 'help': 'False'
[2026-05-13 03:04:52Z INFO CommandSettings] Flag 'version': 'False'
[2026-05-13 03:04:52Z INFO CommandSettings] Flag 'commit': 'False'
[2026-05-13 03:04:52Z INFO CommandSettings] Flag 'check': 'False'
[2026-05-13 03:04:52Z INFO CommandSettings] Command 'configure': 'False'
[2026-05-13 03:04:52Z INFO CommandSettings] Command 'remove': 'False'
[2026-05-13 03:04:52Z INFO CommandSettings] Command 'warmup': 'False'
[2026-05-13 03:04:52Z INFO ConfigurationManager] LoadSettings
[2026-05-13 03:04:52Z INFO ConfigurationStore] IsConfigured()
[2026-05-13 03:04:52Z INFO ConfigurationStore] IsConfigured: True
[2026-05-13 03:04:52Z INFO ConfigurationManager] Is configured: True
[2026-05-13 03:04:52Z INFO ConfigurationStore] Read setting file: 400 chars
[2026-05-13 03:04:52Z INFO ConfigurationManager] Settings Loaded
[2026-05-13 03:04:52Z INFO ConfigurationStore] IsServiceConfigured()
[2026-05-13 03:04:52Z INFO ConfigurationStore] IsServiceConfigured: False
[2026-05-13 03:04:52Z INFO CommandSettings] Command 'run': 'True'
[2026-05-13 03:04:52Z INFO ConfigurationStore] IsConfigured()
[2026-05-13 03:04:52Z INFO ConfigurationStore] IsConfigured: True
[2026-05-13 03:04:52Z INFO ConfigurationManager] Is configured: True
[2026-05-13 03:04:52Z INFO Runner] Could not parse the argument value '' for StartupType. Defaulting to Manual
[2026-05-13 03:04:52Z INFO Runner] Set runner startup type - Manual
[2026-05-13 03:04:52Z INFO CommandSettings] Flag 'once': 'False'
[2026-05-13 03:04:52Z INFO CommandSettings] Flag 'once': 'False'
[2026-05-13 03:04:52Z INFO Runner] RunAsync
[2026-05-13 03:04:52Z INFO HostContext] Well known directory 'Bin': 'C:\Users\usuario\Downloads\Practica6Alumnos\Practica6Alumnos\actions-runner\bin'
[2026-05-13 03:04:52Z INFO HostContext] Well known directory 'Root': 'C:\Users\usuario\Downloads\Practica6Alumnos\Practica6Alumnos\actions-runner'
[2026-05-13 03:04:52Z INFO HostContext] Well known directory 'Work': 'C:\Users\usuario\Downloads\Practica6Alumnos\Practica6Alumnos\actions-runner\_work'
[2026-05-13 03:04:52Z INFO Runner] Validating directory permissions for: 'C:\Users\usuario\Downloads\Practica6Alumnos\Practica6Alumnos\actions-runner\_work'
[2026-05-13 03:04:52Z INFO ConfigurationManager] LoadMigratedSettings
[2026-05-13 03:04:52Z INFO ConfigurationStore] IsMigratedConfigured()
[2026-05-13 03:04:52Z INFO ConfigurationStore] IsMigratedConfigured: False
[2026-05-13 03:04:52Z INFO Runner] Failed to load migrated settings: No migrated configuration found.
[2026-05-13 03:04:52Z INFO Runner] Falling back to original .runner settings
[2026-05-13 03:04:52Z INFO Runner] Using BrokerMessageListener
[2026-05-13 03:04:52Z INFO BrokerMessageListener] Using provided settings
[2026-05-13 03:04:52Z INFO BrokerMessageListener] {
  "AgentId": 2,
  "AgentName": "DESKTOP-4MUFSK3",
  "PoolId": 1,
  "PoolName": "Default",
  "ServerUrl": "https://pipelinesghubeus22.actions.githubusercontent.com/6dHovpnwvSKrF63NncOfwl9xcoolgFzs1e7nsv0P5791uqeciC/",
  "GitHubUrl": "https://github.com/laiadiaz/Practica7IPS",
  "WorkFolder": "_work",
  "UseV2Flow": true,
  "ServerUrlV2": "https://broker.actions.githubusercontent.com/"
}
[2026-05-13 03:04:52Z INFO BrokerMessageListener] Loading Credentials
[2026-05-13 03:04:52Z INFO ConfigurationStore] HasCredentials()
[2026-05-13 03:04:52Z INFO ConfigurationStore] stored True
[2026-05-13 03:04:52Z INFO CredentialManager] GetCredentialProvider
[2026-05-13 03:04:52Z INFO CredentialManager] Creating type OAuth
[2026-05-13 03:04:52Z INFO CredentialManager] Creating credential type: OAuth
[2026-05-13 03:04:52Z INFO HostContext] Well known directory 'Bin': 'C:\Users\usuario\Downloads\Practica6Alumnos\Practica6Alumnos\actions-runner\bin'
[2026-05-13 03:04:52Z INFO HostContext] Well known directory 'Root': 'C:\Users\usuario\Downloads\Practica6Alumnos\Practica6Alumnos\actions-runner'
[2026-05-13 03:04:52Z INFO HostContext] Well known config file 'RSACredentials': 'C:\Users\usuario\Downloads\Practica6Alumnos\Practica6Alumnos\actions-runner\.credentials_rsaparams'
[2026-05-13 03:04:52Z INFO RSAEncryptedFileKeyManager] Loading RSA key parameters from file C:\Users\usuario\Downloads\Practica6Alumnos\Practica6Alumnos\actions-runner\.credentials_rsaparams
[2026-05-13 03:04:52Z INFO BrokerMessageListener] Attempt to create session.
[2026-05-13 03:04:52Z INFO BrokerMessageListener] Connecting to the Broker Server...
[2026-05-13 03:04:52Z INFO ConfigurationStore] HasCredentials()
[2026-05-13 03:04:52Z INFO ConfigurationStore] stored True
[2026-05-13 03:04:52Z INFO CredentialManager] GetCredentialProvider
[2026-05-13 03:04:52Z INFO CredentialManager] Creating type OAuth
[2026-05-13 03:04:52Z INFO CredentialManager] Creating credential type: OAuth
[2026-05-13 03:04:52Z INFO RSAEncryptedFileKeyManager] Loading RSA key parameters from file C:\Users\usuario\Downloads\Practica6Alumnos\Practica6Alumnos\actions-runner\.credentials_rsaparams
[2026-05-13 03:04:52Z INFO BrokerMessageListener] VssConnection created
[2026-05-13 03:04:52Z INFO BrokerMessageListener] Connecting to the Runner server...
[2026-05-13 03:04:52Z INFO RunnerServer] EstablishVssConnection
[2026-05-13 03:04:52Z INFO RunnerServer] Establish connection with 100 seconds timeout.
[2026-05-13 03:04:52Z INFO GitHubActionsService] Starting operation Location.GetConnectionData
[2026-05-13 03:04:52Z INFO RunnerServer] EstablishVssConnection
[2026-05-13 03:04:52Z INFO RunnerServer] Establish connection with 60 seconds timeout.
[2026-05-13 03:04:52Z INFO GitHubActionsService] Starting operation Location.GetConnectionData
[2026-05-13 03:04:52Z INFO RunnerServer] EstablishVssConnection
[2026-05-13 03:04:52Z INFO RunnerServer] Establish connection with 60 seconds timeout.
[2026-05-13 03:04:52Z INFO GitHubActionsService] Starting operation Location.GetConnectionData
[2026-05-13 03:04:53Z INFO GitHubActionsService] Finished operation Location.GetConnectionData
[2026-05-13 03:04:53Z INFO GitHubActionsService] Finished operation Location.GetConnectionData
[2026-05-13 03:04:53Z INFO GitHubActionsService] Finished operation Location.GetConnectionData
[2026-05-13 03:04:53Z INFO BrokerMessageListener] VssConnection created
[2026-05-13 03:04:53Z INFO Terminal] WRITE LINE: 
[2026-05-13 03:04:53Z INFO Terminal] WRITE LINE: 
[2026-05-13 03:04:53Z INFO RSAEncryptedFileKeyManager] Loading RSA key parameters from file C:\Users\usuario\Downloads\Practica6Alumnos\Practica6Alumnos\actions-runner\.credentials_rsaparams
[2026-05-13 03:04:53Z INFO RSAEncryptedFileKeyManager] Loading RSA key parameters from file C:\Users\usuario\Downloads\Practica6Alumnos\Practica6Alumnos\actions-runner\.credentials_rsaparams
[2026-05-13 03:04:53Z INFO GitHubActionsService] AAD Correlation ID for this token request: Unknown
[2026-05-13 03:04:53Z INFO BrokerMessageListener] Session created.
[2026-05-13 03:04:53Z INFO Terminal] WRITE LINE: Current runner version: '2.334.0'
[2026-05-13 03:04:53Z INFO Terminal] WRITE LINE: 2026-05-13 03:04:53Z: Listening for Jobs
[2026-05-13 03:04:53Z INFO JobDispatcher] Set runner/worker IPC timeout to 30 seconds.
[2026-05-13 03:04:54Z INFO BrokerMessageListener] Acknowledging runner request '76160779-0f8b-5559-bca4-dc7238be1c0a'.
[2026-05-13 03:04:54Z INFO ConfigurationStore] HasCredentials()
[2026-05-13 03:04:54Z INFO ConfigurationStore] stored True
[2026-05-13 03:04:54Z INFO CredentialManager] GetCredentialProvider
[2026-05-13 03:04:54Z INFO CredentialManager] Creating type OAuth
[2026-05-13 03:04:54Z INFO CredentialManager] Creating credential type: OAuth
[2026-05-13 03:04:54Z INFO RSAEncryptedFileKeyManager] Loading RSA key parameters from file C:\Users\usuario\Downloads\Practica6Alumnos\Practica6Alumnos\actions-runner\.credentials_rsaparams
[2026-05-13 03:04:54Z INFO RSAEncryptedFileKeyManager] Loading RSA key parameters from file C:\Users\usuario\Downloads\Practica6Alumnos\Practica6Alumnos\actions-runner\.credentials_rsaparams
[2026-05-13 03:04:54Z INFO RSAEncryptedFileKeyManager] Loading RSA key parameters from file C:\Users\usuario\Downloads\Practica6Alumnos\Practica6Alumnos\actions-runner\.credentials_rsaparams
[2026-05-13 03:04:55Z INFO GitHubActionsService] AAD Correlation ID for this token request: Unknown
[2026-05-13 03:04:55Z INFO JobDispatcher] Job request 0 for plan 42770d14-da1f-4e23-8cef-c9bd24a72db0 job 76160779-0f8b-5559-bca4-dc7238be1c0a received.
[2026-05-13 03:04:55Z INFO JobDispatcher] Pull OrchestrationId 42770d14-da1f-4e23-8cef-c9bd24a72db0.test.__default from JWT claims
[2026-05-13 03:04:55Z INFO BrokerMessageListener] Received job status event. JobState: Busy
[2026-05-13 03:04:55Z INFO BrokerMessageListener] _getMessagesTokenSource is already disposed.
[2026-05-13 03:04:55Z INFO Terminal] WRITE LINE: 2026-05-13 03:04:55Z: Running job: test
[2026-05-13 03:04:55Z INFO JobDispatcher] Start renew job request 0 for job 76160779-0f8b-5559-bca4-dc7238be1c0a.
[2026-05-13 03:04:56Z INFO JobDispatcher] Successfully renew job 76160779-0f8b-5559-bca4-dc7238be1c0a, job is valid till 13/05/2026 3:14:56
[2026-05-13 03:04:56Z INFO HostContext] Well known directory 'Bin': 'C:\Users\usuario\Downloads\Practica6Alumnos\Practica6Alumnos\actions-runner\bin'
[2026-05-13 03:04:56Z INFO ProcessInvokerWrapper] Starting process:
[2026-05-13 03:04:56Z INFO ProcessInvokerWrapper]   File name: 'C:\Users\usuario\Downloads\Practica6Alumnos\Practica6Alumnos\actions-runner\bin\Runner.Worker.exe'
[2026-05-13 03:04:56Z INFO ProcessInvokerWrapper]   Arguments: 'spawnclient 2304 2316'
[2026-05-13 03:04:56Z INFO ProcessInvokerWrapper]   Working directory: 'C:\Users\usuario\Downloads\Practica6Alumnos\Practica6Alumnos\actions-runner\bin'
[2026-05-13 03:04:56Z INFO ProcessInvokerWrapper]   Require exit code zero: 'False'
[2026-05-13 03:04:56Z INFO ProcessInvokerWrapper]   Encoding web name:  ; code page: ''
[2026-05-13 03:04:56Z INFO ProcessInvokerWrapper]   Force kill process on cancellation: 'True'
[2026-05-13 03:04:56Z INFO ProcessInvokerWrapper]   Redirected STDIN: 'False'
[2026-05-13 03:04:56Z INFO ProcessInvokerWrapper]   Persist current code page: 'False'
[2026-05-13 03:04:56Z INFO ProcessInvokerWrapper]   Keep redirected STDIN open: 'False'
[2026-05-13 03:04:56Z INFO ProcessInvokerWrapper]   High priority process: 'True'
[2026-05-13 03:04:56Z INFO ProcessInvokerWrapper] Process started with process id 24524, waiting for process exit.
[2026-05-13 03:04:56Z INFO JobDispatcher] Send job request message to worker for job 76160779-0f8b-5559-bca4-dc7238be1c0a.
[2026-05-13 03:04:56Z INFO ProcessChannel] Sending message of length 20935, with hash '3a8cdac2c2b2c6057bff736b42eb40ded7b5c2783061a76a1d03d6b61bb66de6'
[2026-05-13 03:04:56Z INFO JobNotification] Entering JobStarted Notification
[2026-05-13 03:04:56Z INFO JobNotification] Entering StartMonitor
[2026-05-13 03:05:01Z INFO ProcessInvokerWrapper] STDOUT/STDERR stream read finished.
[2026-05-13 03:05:01Z INFO ProcessInvokerWrapper] STDOUT/STDERR stream read finished.
[2026-05-13 03:05:01Z INFO ProcessInvokerWrapper] Finished process 24524 with exit code 100, and elapsed time 00:00:05.1017706.
[2026-05-13 03:05:01Z INFO JobDispatcher] Worker finished for job 76160779-0f8b-5559-bca4-dc7238be1c0a. Code: 100
[2026-05-13 03:05:01Z INFO JobDispatcher] finish job request for job 76160779-0f8b-5559-bca4-dc7238be1c0a with result: Succeeded
[2026-05-13 03:05:01Z INFO Terminal] WRITE LINE: 2026-05-13 03:05:01Z: Job test completed with result: Succeeded
[2026-05-13 03:05:01Z INFO JobDispatcher] Stop renew job request for job 76160779-0f8b-5559-bca4-dc7238be1c0a.
[2026-05-13 03:05:01Z INFO JobDispatcher] job renew has been cancelled, stop renew job 76160779-0f8b-5559-bca4-dc7238be1c0a.
[2026-05-13 03:05:01Z INFO JobNotification] Entering JobCompleted Notification
[2026-05-13 03:05:01Z INFO JobNotification] Entering EndMonitor
[2026-05-13 03:05:01Z INFO BrokerMessageListener] Received job status event. JobState: Online
[2026-05-13 03:05:01Z WARN GitHubActionsService] GET request to https://broker.actions.githubusercontent.com/message?sessionId=2d193d79-17bf-47b7-8d85-4a8ecf1e4fe6&status=Busy&runnerVersion=2.334.0&os=Windows&architecture=X64&disableUpdate=false has been cancelled.
[2026-05-13 03:05:01Z ERR  BrokerServer] Catch exception during request
[2026-05-13 03:05:01Z ERR  BrokerServer] System.Threading.Tasks.TaskCanceledException: The operation was canceled.
 ---> System.Threading.Tasks.TaskCanceledException: The operation was canceled.
 ---> System.IO.IOException: Unable to read data from the transport connection: La operación de E/S se anuló por una salida de subproceso o por una solicitud de aplicación..
 ---> System.Net.Sockets.SocketException (995): La operación de E/S se anuló por una salida de subproceso o por una solicitud de aplicación.
   --- End of inner exception stack trace ---
   at System.Net.Sockets.Socket.AwaitableSocketAsyncEventArgs.ThrowException(SocketError error, CancellationToken cancellationToken)
   at System.Net.Sockets.Socket.AwaitableSocketAsyncEventArgs.System.Threading.Tasks.Sources.IValueTaskSource<System.Int32>.GetResult(Int16 token)
   at System.Net.Security.SslStream.EnsureFullTlsFrameAsync[TIOAdapter](CancellationToken cancellationToken, Int32 estimatedSize)
   at System.Runtime.CompilerServices.PoolingAsyncValueTaskMethodBuilder`1.StateMachineBox`1.System.Threading.Tasks.Sources.IValueTaskSource<TResult>.GetResult(Int16 token)
   at System.Net.Security.SslStream.ReadAsyncInternal[TIOAdapter](Memory`1 buffer, CancellationToken cancellationToken)
   at System.Runtime.CompilerServices.PoolingAsyncValueTaskMethodBuilder`1.StateMachineBox`1.System.Threading.Tasks.Sources.IValueTaskSource<TResult>.GetResult(Int16 token)
   at System.Net.Http.HttpConnection.SendAsync(HttpRequestMessage request, Boolean async, CancellationToken cancellationToken)
   --- End of inner exception stack trace ---
   at System.Net.Http.HttpConnection.SendAsync(HttpRequestMessage request, Boolean async, CancellationToken cancellationToken)
   at System.Net.Http.AuthenticationHelper.SendWithNtAuthAsync(HttpRequestMessage request, Uri authUri, Boolean async, ICredentials credentials, Boolean isProxyAuth, HttpConnection connection, HttpConnectionPool connectionPool, CancellationToken cancellationToken)
   at System.Net.Http.HttpConnectionPool.SendWithVersionDetectionAndRetryAsync(HttpRequestMessage request, Boolean async, Boolean doRequestAuth, CancellationToken cancellationToken)
   at System.Net.Http.AuthenticationHelper.SendWithAuthAsync(HttpRequestMessage request, Uri authUri, Boolean async, ICredentials credentials, Boolean preAuthenticate, Boolean isProxyAuth, Boolean doRequestAuth, HttpConnectionPool pool, CancellationToken cancellationToken)
   at System.Net.Http.RedirectHandler.SendAsync(HttpRequestMessage request, Boolean async, CancellationToken cancellationToken)
   at GitHub.Services.Common.RawHttpMessageHandler.SendAsync(HttpRequestMessage request, CancellationToken cancellationToken)
   at GitHub.Services.Common.VssHttpRetryMessageHandler.SendAsync(HttpRequestMessage request, CancellationToken cancellationToken)
   at System.Net.Http.HttpClient.<SendAsync>g__Core|83_0(HttpRequestMessage request, HttpCompletionOption completionOption, CancellationTokenSource cts, Boolean disposeCts, CancellationTokenSource pendingRequestsCts, CancellationToken originalCancellationToken)
   --- End of inner exception stack trace ---
   at System.Net.Http.HttpClient.HandleFailure(Exception e, Boolean telemetryStarted, HttpResponseMessage response, CancellationTokenSource cts, CancellationToken cancellationToken, CancellationTokenSource pendingRequestsCts)
   at System.Net.Http.HttpClient.<SendAsync>g__Core|83_0(HttpRequestMessage request, HttpCompletionOption completionOption, CancellationTokenSource cts, Boolean disposeCts, CancellationTokenSource pendingRequestsCts, CancellationToken originalCancellationToken)
   at Sdk.WebApi.WebApi.RawHttpClientBase.SendAsync(HttpRequestMessage message, HttpCompletionOption completionOption, Object userState, CancellationToken cancellationToken)
   at Sdk.WebApi.WebApi.RawHttpClientBase.SendAsync[T](HttpRequestMessage message, Boolean readErrorBody, Object userState, CancellationToken cancellationToken)
   at Sdk.WebApi.WebApi.RawHttpClientBase.SendAsync[T](HttpMethod method, IEnumerable`1 additionalHeaders, Uri requestUri, HttpContent content, IEnumerable`1 queryParameters, Boolean readErrorBody, Object userState, CancellationToken cancellationToken)
   at GitHub.Actions.RunService.WebApi.BrokerHttpClient.GetRunnerMessageAsync(Nullable`1 sessionId, String runnerVersion, Nullable`1 status, String os, String architecture, Nullable`1 disableUpdate, CancellationToken cancellationToken)
   at GitHub.Runner.Common.BrokerServer.<>c__DisplayClass7_0.<<GetRunnerMessageAsync>b__0>d.MoveNext()
--- End of stack trace from previous location ---
   at GitHub.Runner.Common.RunnerService.RetryRequest[T](Func`1 func, CancellationToken cancellationToken, Int32 maxAttempts, Func`2 shouldRetry)
[2026-05-13 03:05:01Z ERR  BrokerServer] #####################################################
[2026-05-13 03:05:01Z ERR  BrokerServer] System.Threading.Tasks.TaskCanceledException: The operation was canceled.
 ---> System.IO.IOException: Unable to read data from the transport connection: La operación de E/S se anuló por una salida de subproceso o por una solicitud de aplicación..
 ---> System.Net.Sockets.SocketException (995): La operación de E/S se anuló por una salida de subproceso o por una solicitud de aplicación.
   --- End of inner exception stack trace ---
   at System.Net.Sockets.Socket.AwaitableSocketAsyncEventArgs.ThrowException(SocketError error, CancellationToken cancellationToken)
   at System.Net.Sockets.Socket.AwaitableSocketAsyncEventArgs.System.Threading.Tasks.Sources.IValueTaskSource<System.Int32>.GetResult(Int16 token)
   at System.Net.Security.SslStream.EnsureFullTlsFrameAsync[TIOAdapter](CancellationToken cancellationToken, Int32 estimatedSize)
   at System.Runtime.CompilerServices.PoolingAsyncValueTaskMethodBuilder`1.StateMachineBox`1.System.Threading.Tasks.Sources.IValueTaskSource<TResult>.GetResult(Int16 token)
   at System.Net.Security.SslStream.ReadAsyncInternal[TIOAdapter](Memory`1 buffer, CancellationToken cancellationToken)
   at System.Runtime.CompilerServices.PoolingAsyncValueTaskMethodBuilder`1.StateMachineBox`1.System.Threading.Tasks.Sources.IValueTaskSource<TResult>.GetResult(Int16 token)
   at System.Net.Http.HttpConnection.SendAsync(HttpRequestMessage request, Boolean async, CancellationToken cancellationToken)
   --- End of inner exception stack trace ---
   at System.Net.Http.HttpConnection.SendAsync(HttpRequestMessage request, Boolean async, CancellationToken cancellationToken)
   at System.Net.Http.AuthenticationHelper.SendWithNtAuthAsync(HttpRequestMessage request, Uri authUri, Boolean async, ICredentials credentials, Boolean isProxyAuth, HttpConnection connection, HttpConnectionPool connectionPool, CancellationToken cancellationToken)
   at System.Net.Http.HttpConnectionPool.SendWithVersionDetectionAndRetryAsync(HttpRequestMessage request, Boolean async, Boolean doRequestAuth, CancellationToken cancellationToken)
   at System.Net.Http.AuthenticationHelper.SendWithAuthAsync(HttpRequestMessage request, Uri authUri, Boolean async, ICredentials credentials, Boolean preAuthenticate, Boolean isProxyAuth, Boolean doRequestAuth, HttpConnectionPool pool, CancellationToken cancellationToken)
   at System.Net.Http.RedirectHandler.SendAsync(HttpRequestMessage request, Boolean async, CancellationToken cancellationToken)
   at GitHub.Services.Common.RawHttpMessageHandler.SendAsync(HttpRequestMessage request, CancellationToken cancellationToken)
   at GitHub.Services.Common.VssHttpRetryMessageHandler.SendAsync(HttpRequestMessage request, CancellationToken cancellationToken)
   at System.Net.Http.HttpClient.<SendAsync>g__Core|83_0(HttpRequestMessage request, HttpCompletionOption completionOption, CancellationTokenSource cts, Boolean disposeCts, CancellationTokenSource pendingRequestsCts, CancellationToken originalCancellationToken)
[2026-05-13 03:05:01Z ERR  BrokerServer] #####################################################
[2026-05-13 03:05:01Z ERR  BrokerServer] System.IO.IOException: Unable to read data from the transport connection: La operación de E/S se anuló por una salida de subproceso o por una solicitud de aplicación..
 ---> System.Net.Sockets.SocketException (995): La operación de E/S se anuló por una salida de subproceso o por una solicitud de aplicación.
   --- End of inner exception stack trace ---
   at System.Net.Sockets.Socket.AwaitableSocketAsyncEventArgs.ThrowException(SocketError error, CancellationToken cancellationToken)
   at System.Net.Sockets.Socket.AwaitableSocketAsyncEventArgs.System.Threading.Tasks.Sources.IValueTaskSource<System.Int32>.GetResult(Int16 token)
   at System.Net.Security.SslStream.EnsureFullTlsFrameAsync[TIOAdapter](CancellationToken cancellationToken, Int32 estimatedSize)
   at System.Runtime.CompilerServices.PoolingAsyncValueTaskMethodBuilder`1.StateMachineBox`1.System.Threading.Tasks.Sources.IValueTaskSource<TResult>.GetResult(Int16 token)
   at System.Net.Security.SslStream.ReadAsyncInternal[TIOAdapter](Memory`1 buffer, CancellationToken cancellationToken)
   at System.Runtime.CompilerServices.PoolingAsyncValueTaskMethodBuilder`1.StateMachineBox`1.System.Threading.Tasks.Sources.IValueTaskSource<TResult>.GetResult(Int16 token)
   at System.Net.Http.HttpConnection.SendAsync(HttpRequestMessage request, Boolean async, CancellationToken cancellationToken)
[2026-05-13 03:05:01Z ERR  BrokerServer] #####################################################
[2026-05-13 03:05:01Z ERR  BrokerServer] System.Net.Sockets.SocketException (995): La operación de E/S se anuló por una salida de subproceso o por una solicitud de aplicación.
[2026-05-13 03:05:01Z WARN BrokerServer] Back off 11,606 seconds before next retry. 4 attempt left.
[2026-05-13 03:05:01Z INFO BrokerMessageListener] Get messages has been cancelled using local token source. Continue to get messages with new status.
[2026-05-13 03:05:02Z INFO BrokerMessageListener] Acknowledging runner request '06aff0f7-39e6-5159-b211-ea62bc2fdceb'.
[2026-05-13 03:05:02Z INFO ConfigurationStore] HasCredentials()
[2026-05-13 03:05:02Z INFO ConfigurationStore] stored True
[2026-05-13 03:05:02Z INFO CredentialManager] GetCredentialProvider
[2026-05-13 03:05:02Z INFO CredentialManager] Creating type OAuth
[2026-05-13 03:05:02Z INFO CredentialManager] Creating credential type: OAuth
[2026-05-13 03:05:02Z INFO RSAEncryptedFileKeyManager] Loading RSA key parameters from file C:\Users\usuario\Downloads\Practica6Alumnos\Practica6Alumnos\actions-runner\.credentials_rsaparams
[2026-05-13 03:05:02Z INFO RSAEncryptedFileKeyManager] Loading RSA key parameters from file C:\Users\usuario\Downloads\Practica6Alumnos\Practica6Alumnos\actions-runner\.credentials_rsaparams
[2026-05-13 03:05:02Z INFO RSAEncryptedFileKeyManager] Loading RSA key parameters from file C:\Users\usuario\Downloads\Practica6Alumnos\Practica6Alumnos\actions-runner\.credentials_rsaparams
[2026-05-13 03:05:02Z INFO GitHubActionsService] AAD Correlation ID for this token request: Unknown
[2026-05-13 03:05:03Z INFO JobDispatcher] Job request 0 for plan 7bd296e4-bf34-400f-9993-4e781ca1ab27 job 06aff0f7-39e6-5159-b211-ea62bc2fdceb received.
[2026-05-13 03:05:03Z INFO JobDispatcher] Pull OrchestrationId 7bd296e4-bf34-400f-9993-4e781ca1ab27.test.__default from JWT claims
[2026-05-13 03:05:03Z INFO BrokerMessageListener] Received job status event. JobState: Busy
[2026-05-13 03:05:03Z INFO BrokerMessageListener] _getMessagesTokenSource is already disposed.
[2026-05-13 03:05:03Z INFO JobDispatcher] Job request 76160779-0f8b-5559-bca4-dc7238be1c0a processed succeed.
[2026-05-13 03:05:03Z INFO Terminal] WRITE LINE: 2026-05-13 03:05:03Z: Running job: test
[2026-05-13 03:05:03Z INFO JobDispatcher] Start renew job request 0 for job 06aff0f7-39e6-5159-b211-ea62bc2fdceb.
[2026-05-13 03:05:03Z INFO JobDispatcher] Successfully renew job 06aff0f7-39e6-5159-b211-ea62bc2fdceb, job is valid till 13/05/2026 3:15:04
[2026-05-13 03:05:03Z INFO HostContext] Well known directory 'Bin': 'C:\Users\usuario\Downloads\Practica6Alumnos\Practica6Alumnos\actions-runner\bin'
[2026-05-13 03:05:03Z INFO ProcessInvokerWrapper] Starting process:
[2026-05-13 03:05:03Z INFO ProcessInvokerWrapper]   File name: 'C:\Users\usuario\Downloads\Practica6Alumnos\Practica6Alumnos\actions-runner\bin\Runner.Worker.exe'
[2026-05-13 03:05:03Z INFO ProcessInvokerWrapper]   Arguments: 'spawnclient 2272 2392'
[2026-05-13 03:05:03Z INFO ProcessInvokerWrapper]   Working directory: 'C:\Users\usuario\Downloads\Practica6Alumnos\Practica6Alumnos\actions-runner\bin'
[2026-05-13 03:05:03Z INFO ProcessInvokerWrapper]   Require exit code zero: 'False'
[2026-05-13 03:05:03Z INFO ProcessInvokerWrapper]   Encoding web name:  ; code page: ''
[2026-05-13 03:05:03Z INFO ProcessInvokerWrapper]   Force kill process on cancellation: 'True'
[2026-05-13 03:05:03Z INFO ProcessInvokerWrapper]   Redirected STDIN: 'False'
[2026-05-13 03:05:03Z INFO ProcessInvokerWrapper]   Persist current code page: 'False'
[2026-05-13 03:05:03Z INFO ProcessInvokerWrapper]   Keep redirected STDIN open: 'False'
[2026-05-13 03:05:03Z INFO ProcessInvokerWrapper]   High priority process: 'True'
[2026-05-13 03:05:03Z INFO ProcessInvokerWrapper] Process started with process id 20468, waiting for process exit.
[2026-05-13 03:05:03Z INFO JobDispatcher] Send job request message to worker for job 06aff0f7-39e6-5159-b211-ea62bc2fdceb.
[2026-05-13 03:05:03Z INFO ProcessChannel] Sending message of length 19683, with hash '77cebfd3df7fbc985392a591d8cab70b7467ba8e1b699f91a5323d8acd44192d'
[2026-05-13 03:05:04Z INFO JobNotification] Entering JobStarted Notification
[2026-05-13 03:05:04Z INFO JobNotification] Entering StartMonitor
[2026-05-13 03:05:08Z INFO ProcessInvokerWrapper] STDOUT/STDERR stream read finished.
[2026-05-13 03:05:08Z INFO ProcessInvokerWrapper] STDOUT/STDERR stream read finished.
[2026-05-13 03:05:08Z INFO ProcessInvokerWrapper] Finished process 20468 with exit code 100, and elapsed time 00:00:04.5317260.
[2026-05-13 03:05:08Z INFO JobDispatcher] Worker finished for job 06aff0f7-39e6-5159-b211-ea62bc2fdceb. Code: 100
[2026-05-13 03:05:08Z INFO JobDispatcher] finish job request for job 06aff0f7-39e6-5159-b211-ea62bc2fdceb with result: Succeeded
[2026-05-13 03:05:08Z INFO Terminal] WRITE LINE: 2026-05-13 03:05:08Z: Job test completed with result: Succeeded
[2026-05-13 03:05:08Z INFO JobDispatcher] Stop renew job request for job 06aff0f7-39e6-5159-b211-ea62bc2fdceb.
[2026-05-13 03:05:08Z INFO JobDispatcher] job renew has been cancelled, stop renew job 06aff0f7-39e6-5159-b211-ea62bc2fdceb.
[2026-05-13 03:05:08Z INFO JobNotification] Entering JobCompleted Notification
[2026-05-13 03:05:08Z INFO JobNotification] Entering EndMonitor
[2026-05-13 03:05:08Z INFO BrokerMessageListener] Received job status event. JobState: Online
[2026-05-13 03:05:08Z WARN GitHubActionsService] GET request to https://broker.actions.githubusercontent.com/message?sessionId=2d193d79-17bf-47b7-8d85-4a8ecf1e4fe6&status=Busy&runnerVersion=2.334.0&os=Windows&architecture=X64&disableUpdate=false has been cancelled.
[2026-05-13 03:05:08Z ERR  BrokerServer] Catch exception during request
[2026-05-13 03:05:08Z ERR  BrokerServer] System.Threading.Tasks.TaskCanceledException: The operation was canceled.
 ---> System.Threading.Tasks.TaskCanceledException: The operation was canceled.
 ---> System.IO.IOException: Unable to read data from the transport connection: La operación de E/S se anuló por una salida de subproceso o por una solicitud de aplicación..
 ---> System.Net.Sockets.SocketException (995): La operación de E/S se anuló por una salida de subproceso o por una solicitud de aplicación.
   --- End of inner exception stack trace ---
   at System.Net.Sockets.Socket.AwaitableSocketAsyncEventArgs.ThrowException(SocketError error, CancellationToken cancellationToken)
   at System.Net.Sockets.Socket.AwaitableSocketAsyncEventArgs.System.Threading.Tasks.Sources.IValueTaskSource<System.Int32>.GetResult(Int16 token)
   at System.Net.Security.SslStream.EnsureFullTlsFrameAsync[TIOAdapter](CancellationToken cancellationToken, Int32 estimatedSize)
   at System.Runtime.CompilerServices.PoolingAsyncValueTaskMethodBuilder`1.StateMachineBox`1.System.Threading.Tasks.Sources.IValueTaskSource<TResult>.GetResult(Int16 token)
   at System.Net.Security.SslStream.ReadAsyncInternal[TIOAdapter](Memory`1 buffer, CancellationToken cancellationToken)
   at System.Runtime.CompilerServices.PoolingAsyncValueTaskMethodBuilder`1.StateMachineBox`1.System.Threading.Tasks.Sources.IValueTaskSource<TResult>.GetResult(Int16 token)
   at System.Net.Http.HttpConnection.SendAsync(HttpRequestMessage request, Boolean async, CancellationToken cancellationToken)
   --- End of inner exception stack trace ---
   at System.Net.Http.HttpConnection.SendAsync(HttpRequestMessage request, Boolean async, CancellationToken cancellationToken)
   at System.Net.Http.AuthenticationHelper.SendWithNtAuthAsync(HttpRequestMessage request, Uri authUri, Boolean async, ICredentials credentials, Boolean isProxyAuth, HttpConnection connection, HttpConnectionPool connectionPool, CancellationToken cancellationToken)
   at System.Net.Http.HttpConnectionPool.SendWithVersionDetectionAndRetryAsync(HttpRequestMessage request, Boolean async, Boolean doRequestAuth, CancellationToken cancellationToken)
   at System.Net.Http.AuthenticationHelper.SendWithAuthAsync(HttpRequestMessage request, Uri authUri, Boolean async, ICredentials credentials, Boolean preAuthenticate, Boolean isProxyAuth, Boolean doRequestAuth, HttpConnectionPool pool, CancellationToken cancellationToken)
   at System.Net.Http.RedirectHandler.SendAsync(HttpRequestMessage request, Boolean async, CancellationToken cancellationToken)
   at GitHub.Services.Common.RawHttpMessageHandler.SendAsync(HttpRequestMessage request, CancellationToken cancellationToken)
   at GitHub.Services.Common.VssHttpRetryMessageHandler.SendAsync(HttpRequestMessage request, CancellationToken cancellationToken)
   at System.Net.Http.HttpClient.<SendAsync>g__Core|83_0(HttpRequestMessage request, HttpCompletionOption completionOption, CancellationTokenSource cts, Boolean disposeCts, CancellationTokenSource pendingRequestsCts, CancellationToken originalCancellationToken)
   --- End of inner exception stack trace ---
   at System.Net.Http.HttpClient.HandleFailure(Exception e, Boolean telemetryStarted, HttpResponseMessage response, CancellationTokenSource cts, CancellationToken cancellationToken, CancellationTokenSource pendingRequestsCts)
   at System.Net.Http.HttpClient.<SendAsync>g__Core|83_0(HttpRequestMessage request, HttpCompletionOption completionOption, CancellationTokenSource cts, Boolean disposeCts, CancellationTokenSource pendingRequestsCts, CancellationToken originalCancellationToken)
   at Sdk.WebApi.WebApi.RawHttpClientBase.SendAsync(HttpRequestMessage message, HttpCompletionOption completionOption, Object userState, CancellationToken cancellationToken)
   at Sdk.WebApi.WebApi.RawHttpClientBase.SendAsync[T](HttpRequestMessage message, Boolean readErrorBody, Object userState, CancellationToken cancellationToken)
   at Sdk.WebApi.WebApi.RawHttpClientBase.SendAsync[T](HttpMethod method, IEnumerable`1 additionalHeaders, Uri requestUri, HttpContent content, IEnumerable`1 queryParameters, Boolean readErrorBody, Object userState, CancellationToken cancellationToken)
   at GitHub.Actions.RunService.WebApi.BrokerHttpClient.GetRunnerMessageAsync(Nullable`1 sessionId, String runnerVersion, Nullable`1 status, String os, String architecture, Nullable`1 disableUpdate, CancellationToken cancellationToken)
   at GitHub.Runner.Common.BrokerServer.<>c__DisplayClass7_0.<<GetRunnerMessageAsync>b__0>d.MoveNext()
--- End of stack trace from previous location ---
   at GitHub.Runner.Common.RunnerService.RetryRequest[T](Func`1 func, CancellationToken cancellationToken, Int32 maxAttempts, Func`2 shouldRetry)
[2026-05-13 03:05:08Z ERR  BrokerServer] #####################################################
[2026-05-13 03:05:08Z ERR  BrokerServer] System.Threading.Tasks.TaskCanceledException: The operation was canceled.
 ---> System.IO.IOException: Unable to read data from the transport connection: La operación de E/S se anuló por una salida de subproceso o por una solicitud de aplicación..
 ---> System.Net.Sockets.SocketException (995): La operación de E/S se anuló por una salida de subproceso o por una solicitud de aplicación.
   --- End of inner exception stack trace ---
   at System.Net.Sockets.Socket.AwaitableSocketAsyncEventArgs.ThrowException(SocketError error, CancellationToken cancellationToken)
   at System.Net.Sockets.Socket.AwaitableSocketAsyncEventArgs.System.Threading.Tasks.Sources.IValueTaskSource<System.Int32>.GetResult(Int16 token)
   at System.Net.Security.SslStream.EnsureFullTlsFrameAsync[TIOAdapter](CancellationToken cancellationToken, Int32 estimatedSize)
   at System.Runtime.CompilerServices.PoolingAsyncValueTaskMethodBuilder`1.StateMachineBox`1.System.Threading.Tasks.Sources.IValueTaskSource<TResult>.GetResult(Int16 token)
   at System.Net.Security.SslStream.ReadAsyncInternal[TIOAdapter](Memory`1 buffer, CancellationToken cancellationToken)
   at System.Runtime.CompilerServices.PoolingAsyncValueTaskMethodBuilder`1.StateMachineBox`1.System.Threading.Tasks.Sources.IValueTaskSource<TResult>.GetResult(Int16 token)
   at System.Net.Http.HttpConnection.SendAsync(HttpRequestMessage request, Boolean async, CancellationToken cancellationToken)
   --- End of inner exception stack trace ---
   at System.Net.Http.HttpConnection.SendAsync(HttpRequestMessage request, Boolean async, CancellationToken cancellationToken)
   at System.Net.Http.AuthenticationHelper.SendWithNtAuthAsync(HttpRequestMessage request, Uri authUri, Boolean async, ICredentials credentials, Boolean isProxyAuth, HttpConnection connection, HttpConnectionPool connectionPool, CancellationToken cancellationToken)
   at System.Net.Http.HttpConnectionPool.SendWithVersionDetectionAndRetryAsync(HttpRequestMessage request, Boolean async, Boolean doRequestAuth, CancellationToken cancellationToken)
   at System.Net.Http.AuthenticationHelper.SendWithAuthAsync(HttpRequestMessage request, Uri authUri, Boolean async, ICredentials credentials, Boolean preAuthenticate, Boolean isProxyAuth, Boolean doRequestAuth, HttpConnectionPool pool, CancellationToken cancellationToken)
   at System.Net.Http.RedirectHandler.SendAsync(HttpRequestMessage request, Boolean async, CancellationToken cancellationToken)
   at GitHub.Services.Common.RawHttpMessageHandler.SendAsync(HttpRequestMessage request, CancellationToken cancellationToken)
   at GitHub.Services.Common.VssHttpRetryMessageHandler.SendAsync(HttpRequestMessage request, CancellationToken cancellationToken)
   at System.Net.Http.HttpClient.<SendAsync>g__Core|83_0(HttpRequestMessage request, HttpCompletionOption completionOption, CancellationTokenSource cts, Boolean disposeCts, CancellationTokenSource pendingRequestsCts, CancellationToken originalCancellationToken)
[2026-05-13 03:05:08Z ERR  BrokerServer] #####################################################
[2026-05-13 03:05:08Z ERR  BrokerServer] System.IO.IOException: Unable to read data from the transport connection: La operación de E/S se anuló por una salida de subproceso o por una solicitud de aplicación..
 ---> System.Net.Sockets.SocketException (995): La operación de E/S se anuló por una salida de subproceso o por una solicitud de aplicación.
   --- End of inner exception stack trace ---
   at System.Net.Sockets.Socket.AwaitableSocketAsyncEventArgs.ThrowException(SocketError error, CancellationToken cancellationToken)
   at System.Net.Sockets.Socket.AwaitableSocketAsyncEventArgs.System.Threading.Tasks.Sources.IValueTaskSource<System.Int32>.GetResult(Int16 token)
   at System.Net.Security.SslStream.EnsureFullTlsFrameAsync[TIOAdapter](CancellationToken cancellationToken, Int32 estimatedSize)
   at System.Runtime.CompilerServices.PoolingAsyncValueTaskMethodBuilder`1.StateMachineBox`1.System.Threading.Tasks.Sources.IValueTaskSource<TResult>.GetResult(Int16 token)
   at System.Net.Security.SslStream.ReadAsyncInternal[TIOAdapter](Memory`1 buffer, CancellationToken cancellationToken)
   at System.Runtime.CompilerServices.PoolingAsyncValueTaskMethodBuilder`1.StateMachineBox`1.System.Threading.Tasks.Sources.IValueTaskSource<TResult>.GetResult(Int16 token)
   at System.Net.Http.HttpConnection.SendAsync(HttpRequestMessage request, Boolean async, CancellationToken cancellationToken)
[2026-05-13 03:05:08Z ERR  BrokerServer] #####################################################
[2026-05-13 03:05:08Z ERR  BrokerServer] System.Net.Sockets.SocketException (995): La operación de E/S se anuló por una salida de subproceso o por una solicitud de aplicación.
[2026-05-13 03:05:08Z WARN BrokerServer] Back off 13,635 seconds before next retry. 4 attempt left.
[2026-05-13 03:05:08Z INFO BrokerMessageListener] Get messages has been cancelled using local token source. Continue to get messages with new status.
[2026-05-13 03:05:08Z INFO BrokerMessageListener] Acknowledging runner request 'f5a7e3eb-4b6c-5517-af3c-77fa2a904bb9'.
[2026-05-13 03:05:08Z INFO ConfigurationStore] HasCredentials()
[2026-05-13 03:05:08Z INFO ConfigurationStore] stored True
[2026-05-13 03:05:08Z INFO CredentialManager] GetCredentialProvider
[2026-05-13 03:05:08Z INFO CredentialManager] Creating type OAuth
[2026-05-13 03:05:08Z INFO CredentialManager] Creating credential type: OAuth
[2026-05-13 03:05:08Z INFO RSAEncryptedFileKeyManager] Loading RSA key parameters from file C:\Users\usuario\Downloads\Practica6Alumnos\Practica6Alumnos\actions-runner\.credentials_rsaparams
[2026-05-13 03:05:08Z INFO RSAEncryptedFileKeyManager] Loading RSA key parameters from file C:\Users\usuario\Downloads\Practica6Alumnos\Practica6Alumnos\actions-runner\.credentials_rsaparams
[2026-05-13 03:05:08Z INFO RSAEncryptedFileKeyManager] Loading RSA key parameters from file C:\Users\usuario\Downloads\Practica6Alumnos\Practica6Alumnos\actions-runner\.credentials_rsaparams
[2026-05-13 03:05:09Z INFO GitHubActionsService] AAD Correlation ID for this token request: Unknown
[2026-05-13 03:05:09Z INFO JobDispatcher] Job request 0 for plan 3470271b-6516-4a12-82e0-fa921af126c8 job f5a7e3eb-4b6c-5517-af3c-77fa2a904bb9 received.
[2026-05-13 03:05:09Z INFO JobDispatcher] Pull OrchestrationId 3470271b-6516-4a12-82e0-fa921af126c8.deploy.__default from JWT claims
[2026-05-13 03:05:09Z INFO BrokerMessageListener] Received job status event. JobState: Busy
[2026-05-13 03:05:09Z INFO BrokerMessageListener] _getMessagesTokenSource is already disposed.
[2026-05-13 03:05:09Z INFO JobDispatcher] Job request 06aff0f7-39e6-5159-b211-ea62bc2fdceb processed succeed.
[2026-05-13 03:05:09Z INFO Terminal] WRITE LINE: 2026-05-13 03:05:09Z: Running job: 🚀 Deploy to Kubernetes
[2026-05-13 03:05:09Z INFO JobDispatcher] Start renew job request 0 for job f5a7e3eb-4b6c-5517-af3c-77fa2a904bb9.
[2026-05-13 03:05:10Z INFO JobDispatcher] Successfully renew job f5a7e3eb-4b6c-5517-af3c-77fa2a904bb9, job is valid till 13/05/2026 3:15:10
[2026-05-13 03:05:10Z INFO HostContext] Well known directory 'Bin': 'C:\Users\usuario\Downloads\Practica6Alumnos\Practica6Alumnos\actions-runner\bin'
[2026-05-13 03:05:10Z INFO ProcessInvokerWrapper] Starting process:
[2026-05-13 03:05:10Z INFO ProcessInvokerWrapper]   File name: 'C:\Users\usuario\Downloads\Practica6Alumnos\Practica6Alumnos\actions-runner\bin\Runner.Worker.exe'
[2026-05-13 03:05:10Z INFO ProcessInvokerWrapper]   Arguments: 'spawnclient 2316 2392'
[2026-05-13 03:05:10Z INFO ProcessInvokerWrapper]   Working directory: 'C:\Users\usuario\Downloads\Practica6Alumnos\Practica6Alumnos\actions-runner\bin'
[2026-05-13 03:05:10Z INFO ProcessInvokerWrapper]   Require exit code zero: 'False'
[2026-05-13 03:05:10Z INFO ProcessInvokerWrapper]   Encoding web name:  ; code page: ''
[2026-05-13 03:05:10Z INFO ProcessInvokerWrapper]   Force kill process on cancellation: 'True'
[2026-05-13 03:05:10Z INFO ProcessInvokerWrapper]   Redirected STDIN: 'False'
[2026-05-13 03:05:10Z INFO ProcessInvokerWrapper]   Persist current code page: 'False'
[2026-05-13 03:05:10Z INFO ProcessInvokerWrapper]   Keep redirected STDIN open: 'False'
[2026-05-13 03:05:10Z INFO ProcessInvokerWrapper]   High priority process: 'True'
[2026-05-13 03:05:10Z INFO ProcessInvokerWrapper] Process started with process id 2072, waiting for process exit.
[2026-05-13 03:05:10Z INFO JobDispatcher] Send job request message to worker for job f5a7e3eb-4b6c-5517-af3c-77fa2a904bb9.
[2026-05-13 03:05:10Z INFO ProcessChannel] Sending message of length 23062, with hash '392c4072bc7b3d017f38623d07f5b80a9e991dd4590df615b215554c799c007c'
[2026-05-13 03:05:10Z INFO JobNotification] Entering JobStarted Notification
[2026-05-13 03:05:10Z INFO JobNotification] Entering StartMonitor
[2026-05-13 03:05:53Z INFO ProcessInvokerWrapper] STDOUT/STDERR stream read finished.
[2026-05-13 03:05:53Z INFO ProcessInvokerWrapper] STDOUT/STDERR stream read finished.
[2026-05-13 03:05:53Z INFO ProcessInvokerWrapper] Finished process 2072 with exit code 102, and elapsed time 00:00:42.8596085.
[2026-05-13 03:05:53Z INFO JobDispatcher] Worker finished for job f5a7e3eb-4b6c-5517-af3c-77fa2a904bb9. Code: 102
[2026-05-13 03:05:53Z INFO JobDispatcher] finish job request for job f5a7e3eb-4b6c-5517-af3c-77fa2a904bb9 with result: Failed
[2026-05-13 03:05:53Z INFO Terminal] WRITE LINE: 2026-05-13 03:05:53Z: Job 🚀 Deploy to Kubernetes completed with result: Failed
[2026-05-13 03:05:53Z INFO JobDispatcher] Stop renew job request for job f5a7e3eb-4b6c-5517-af3c-77fa2a904bb9.
[2026-05-13 03:05:53Z INFO JobDispatcher] job renew has been cancelled, stop renew job f5a7e3eb-4b6c-5517-af3c-77fa2a904bb9.
[2026-05-13 03:05:53Z INFO JobNotification] Entering JobCompleted Notification
[2026-05-13 03:05:53Z INFO JobNotification] Entering EndMonitor
[2026-05-13 03:05:53Z INFO BrokerMessageListener] Received job status event. JobState: Online
[2026-05-13 03:05:53Z WARN GitHubActionsService] GET request to https://broker.actions.githubusercontent.com/message?sessionId=2d193d79-17bf-47b7-8d85-4a8ecf1e4fe6&status=Busy&runnerVersion=2.334.0&os=Windows&architecture=X64&disableUpdate=false has been cancelled.
[2026-05-13 03:05:53Z ERR  BrokerServer] Catch exception during request
[2026-05-13 03:05:53Z ERR  BrokerServer] System.Threading.Tasks.TaskCanceledException: The operation was canceled.
 ---> System.Threading.Tasks.TaskCanceledException: The operation was canceled.
 ---> System.IO.IOException: Unable to read data from the transport connection: La operación de E/S se anuló por una salida de subproceso o por una solicitud de aplicación..
 ---> System.Net.Sockets.SocketException (995): La operación de E/S se anuló por una salida de subproceso o por una solicitud de aplicación.
   --- End of inner exception stack trace ---
   at System.Net.Sockets.Socket.AwaitableSocketAsyncEventArgs.ThrowException(SocketError error, CancellationToken cancellationToken)
   at System.Net.Sockets.Socket.AwaitableSocketAsyncEventArgs.System.Threading.Tasks.Sources.IValueTaskSource<System.Int32>.GetResult(Int16 token)
   at System.Net.Security.SslStream.EnsureFullTlsFrameAsync[TIOAdapter](CancellationToken cancellationToken, Int32 estimatedSize)
   at System.Runtime.CompilerServices.PoolingAsyncValueTaskMethodBuilder`1.StateMachineBox`1.System.Threading.Tasks.Sources.IValueTaskSource<TResult>.GetResult(Int16 token)
   at System.Net.Security.SslStream.ReadAsyncInternal[TIOAdapter](Memory`1 buffer, CancellationToken cancellationToken)
   at System.Runtime.CompilerServices.PoolingAsyncValueTaskMethodBuilder`1.StateMachineBox`1.System.Threading.Tasks.Sources.IValueTaskSource<TResult>.GetResult(Int16 token)
   at System.Net.Http.HttpConnection.SendAsync(HttpRequestMessage request, Boolean async, CancellationToken cancellationToken)
   --- End of inner exception stack trace ---
   at System.Net.Http.HttpConnection.SendAsync(HttpRequestMessage request, Boolean async, CancellationToken cancellationToken)
   at System.Net.Http.AuthenticationHelper.SendWithNtAuthAsync(HttpRequestMessage request, Uri authUri, Boolean async, ICredentials credentials, Boolean isProxyAuth, HttpConnection connection, HttpConnectionPool connectionPool, CancellationToken cancellationToken)
   at System.Net.Http.HttpConnectionPool.SendWithVersionDetectionAndRetryAsync(HttpRequestMessage request, Boolean async, Boolean doRequestAuth, CancellationToken cancellationToken)
   at System.Net.Http.AuthenticationHelper.SendWithAuthAsync(HttpRequestMessage request, Uri authUri, Boolean async, ICredentials credentials, Boolean preAuthenticate, Boolean isProxyAuth, Boolean doRequestAuth, HttpConnectionPool pool, CancellationToken cancellationToken)
   at System.Net.Http.RedirectHandler.SendAsync(HttpRequestMessage request, Boolean async, CancellationToken cancellationToken)
   at GitHub.Services.Common.RawHttpMessageHandler.SendAsync(HttpRequestMessage request, CancellationToken cancellationToken)
   at GitHub.Services.Common.VssHttpRetryMessageHandler.SendAsync(HttpRequestMessage request, CancellationToken cancellationToken)
   at System.Net.Http.HttpClient.<SendAsync>g__Core|83_0(HttpRequestMessage request, HttpCompletionOption completionOption, CancellationTokenSource cts, Boolean disposeCts, CancellationTokenSource pendingRequestsCts, CancellationToken originalCancellationToken)
   --- End of inner exception stack trace ---
   at System.Net.Http.HttpClient.HandleFailure(Exception e, Boolean telemetryStarted, HttpResponseMessage response, CancellationTokenSource cts, CancellationToken cancellationToken, CancellationTokenSource pendingRequestsCts)
   at System.Net.Http.HttpClient.<SendAsync>g__Core|83_0(HttpRequestMessage request, HttpCompletionOption completionOption, CancellationTokenSource cts, Boolean disposeCts, CancellationTokenSource pendingRequestsCts, CancellationToken originalCancellationToken)
   at Sdk.WebApi.WebApi.RawHttpClientBase.SendAsync(HttpRequestMessage message, HttpCompletionOption completionOption, Object userState, CancellationToken cancellationToken)
   at Sdk.WebApi.WebApi.RawHttpClientBase.SendAsync[T](HttpRequestMessage message, Boolean readErrorBody, Object userState, CancellationToken cancellationToken)
   at Sdk.WebApi.WebApi.RawHttpClientBase.SendAsync[T](HttpMethod method, IEnumerable`1 additionalHeaders, Uri requestUri, HttpContent content, IEnumerable`1 queryParameters, Boolean readErrorBody, Object userState, CancellationToken cancellationToken)
   at GitHub.Actions.RunService.WebApi.BrokerHttpClient.GetRunnerMessageAsync(Nullable`1 sessionId, String runnerVersion, Nullable`1 status, String os, String architecture, Nullable`1 disableUpdate, CancellationToken cancellationToken)
   at GitHub.Runner.Common.BrokerServer.<>c__DisplayClass7_0.<<GetRunnerMessageAsync>b__0>d.MoveNext()
--- End of stack trace from previous location ---
   at GitHub.Runner.Common.RunnerService.RetryRequest[T](Func`1 func, CancellationToken cancellationToken, Int32 maxAttempts, Func`2 shouldRetry)
[2026-05-13 03:05:53Z ERR  BrokerServer] #####################################################
[2026-05-13 03:05:53Z ERR  BrokerServer] System.Threading.Tasks.TaskCanceledException: The operation was canceled.
 ---> System.IO.IOException: Unable to read data from the transport connection: La operación de E/S se anuló por una salida de subproceso o por una solicitud de aplicación..
 ---> System.Net.Sockets.SocketException (995): La operación de E/S se anuló por una salida de subproceso o por una solicitud de aplicación.
   --- End of inner exception stack trace ---
   at System.Net.Sockets.Socket.AwaitableSocketAsyncEventArgs.ThrowException(SocketError error, CancellationToken cancellationToken)
   at System.Net.Sockets.Socket.AwaitableSocketAsyncEventArgs.System.Threading.Tasks.Sources.IValueTaskSource<System.Int32>.GetResult(Int16 token)
   at System.Net.Security.SslStream.EnsureFullTlsFrameAsync[TIOAdapter](CancellationToken cancellationToken, Int32 estimatedSize)
   at System.Runtime.CompilerServices.PoolingAsyncValueTaskMethodBuilder`1.StateMachineBox`1.System.Threading.Tasks.Sources.IValueTaskSource<TResult>.GetResult(Int16 token)
   at System.Net.Security.SslStream.ReadAsyncInternal[TIOAdapter](Memory`1 buffer, CancellationToken cancellationToken)
   at System.Runtime.CompilerServices.PoolingAsyncValueTaskMethodBuilder`1.StateMachineBox`1.System.Threading.Tasks.Sources.IValueTaskSource<TResult>.GetResult(Int16 token)
   at System.Net.Http.HttpConnection.SendAsync(HttpRequestMessage request, Boolean async, CancellationToken cancellationToken)
   --- End of inner exception stack trace ---
   at System.Net.Http.HttpConnection.SendAsync(HttpRequestMessage request, Boolean async, CancellationToken cancellationToken)
   at System.Net.Http.AuthenticationHelper.SendWithNtAuthAsync(HttpRequestMessage request, Uri authUri, Boolean async, ICredentials credentials, Boolean isProxyAuth, HttpConnection connection, HttpConnectionPool connectionPool, CancellationToken cancellationToken)
   at System.Net.Http.HttpConnectionPool.SendWithVersionDetectionAndRetryAsync(HttpRequestMessage request, Boolean async, Boolean doRequestAuth, CancellationToken cancellationToken)
   at System.Net.Http.AuthenticationHelper.SendWithAuthAsync(HttpRequestMessage request, Uri authUri, Boolean async, ICredentials credentials, Boolean preAuthenticate, Boolean isProxyAuth, Boolean doRequestAuth, HttpConnectionPool pool, CancellationToken cancellationToken)
   at System.Net.Http.RedirectHandler.SendAsync(HttpRequestMessage request, Boolean async, CancellationToken cancellationToken)
   at GitHub.Services.Common.RawHttpMessageHandler.SendAsync(HttpRequestMessage request, CancellationToken cancellationToken)
   at GitHub.Services.Common.VssHttpRetryMessageHandler.SendAsync(HttpRequestMessage request, CancellationToken cancellationToken)
   at System.Net.Http.HttpClient.<SendAsync>g__Core|83_0(HttpRequestMessage request, HttpCompletionOption completionOption, CancellationTokenSource cts, Boolean disposeCts, CancellationTokenSource pendingRequestsCts, CancellationToken originalCancellationToken)
[2026-05-13 03:05:53Z ERR  BrokerServer] #####################################################
[2026-05-13 03:05:53Z ERR  BrokerServer] System.IO.IOException: Unable to read data from the transport connection: La operación de E/S se anuló por una salida de subproceso o por una solicitud de aplicación..
 ---> System.Net.Sockets.SocketException (995): La operación de E/S se anuló por una salida de subproceso o por una solicitud de aplicación.
   --- End of inner exception stack trace ---
   at System.Net.Sockets.Socket.AwaitableSocketAsyncEventArgs.ThrowException(SocketError error, CancellationToken cancellationToken)
   at System.Net.Sockets.Socket.AwaitableSocketAsyncEventArgs.System.Threading.Tasks.Sources.IValueTaskSource<System.Int32>.GetResult(Int16 token)
   at System.Net.Security.SslStream.EnsureFullTlsFrameAsync[TIOAdapter](CancellationToken cancellationToken, Int32 estimatedSize)
   at System.Runtime.CompilerServices.PoolingAsyncValueTaskMethodBuilder`1.StateMachineBox`1.System.Threading.Tasks.Sources.IValueTaskSource<TResult>.GetResult(Int16 token)
   at System.Net.Security.SslStream.ReadAsyncInternal[TIOAdapter](Memory`1 buffer, CancellationToken cancellationToken)
   at System.Runtime.CompilerServices.PoolingAsyncValueTaskMethodBuilder`1.StateMachineBox`1.System.Threading.Tasks.Sources.IValueTaskSource<TResult>.GetResult(Int16 token)
   at System.Net.Http.HttpConnection.SendAsync(HttpRequestMessage request, Boolean async, CancellationToken cancellationToken)
[2026-05-13 03:05:53Z ERR  BrokerServer] #####################################################
[2026-05-13 03:05:53Z ERR  BrokerServer] System.Net.Sockets.SocketException (995): La operación de E/S se anuló por una salida de subproceso o por una solicitud de aplicación.
[2026-05-13 03:05:53Z WARN BrokerServer] Back off 7,831 seconds before next retry. 4 attempt left.
[2026-05-13 03:05:53Z INFO BrokerMessageListener] Get messages has been cancelled using local token source. Continue to get messages with new status.
[2026-05-13 03:11:10Z INFO BrokerMessageListener] Acknowledging runner request '164f13a4-06aa-5b15-8d96-a85c66bf7808'.
[2026-05-13 03:11:11Z INFO ConfigurationStore] HasCredentials()
[2026-05-13 03:11:11Z INFO ConfigurationStore] stored True
[2026-05-13 03:11:11Z INFO CredentialManager] GetCredentialProvider
[2026-05-13 03:11:11Z INFO CredentialManager] Creating type OAuth
[2026-05-13 03:11:11Z INFO CredentialManager] Creating credential type: OAuth
[2026-05-13 03:11:11Z INFO RSAEncryptedFileKeyManager] Loading RSA key parameters from file C:\Users\usuario\Downloads\Practica6Alumnos\Practica6Alumnos\actions-runner\.credentials_rsaparams
[2026-05-13 03:11:11Z INFO RSAEncryptedFileKeyManager] Loading RSA key parameters from file C:\Users\usuario\Downloads\Practica6Alumnos\Practica6Alumnos\actions-runner\.credentials_rsaparams
[2026-05-13 03:11:11Z INFO RSAEncryptedFileKeyManager] Loading RSA key parameters from file C:\Users\usuario\Downloads\Practica6Alumnos\Practica6Alumnos\actions-runner\.credentials_rsaparams
[2026-05-13 03:11:11Z INFO GitHubActionsService] AAD Correlation ID for this token request: Unknown
[2026-05-13 03:11:12Z INFO JobDispatcher] Job request 0 for plan 9bd91179-50ad-49be-973a-bc0f2e805fd9 job 164f13a4-06aa-5b15-8d96-a85c66bf7808 received.
[2026-05-13 03:11:12Z INFO JobDispatcher] Pull OrchestrationId 9bd91179-50ad-49be-973a-bc0f2e805fd9.test.__default from JWT claims
[2026-05-13 03:11:12Z INFO BrokerMessageListener] Received job status event. JobState: Busy
[2026-05-13 03:11:12Z INFO BrokerMessageListener] _getMessagesTokenSource is already disposed.
[2026-05-13 03:11:12Z INFO JobDispatcher] Job request f5a7e3eb-4b6c-5517-af3c-77fa2a904bb9 processed succeed.
[2026-05-13 03:11:12Z INFO Terminal] WRITE LINE: 2026-05-13 03:11:12Z: Running job: test
[2026-05-13 03:11:12Z INFO JobDispatcher] Start renew job request 0 for job 164f13a4-06aa-5b15-8d96-a85c66bf7808.
[2026-05-13 03:11:12Z INFO JobDispatcher] Successfully renew job 164f13a4-06aa-5b15-8d96-a85c66bf7808, job is valid till 13/05/2026 3:21:12
[2026-05-13 03:11:12Z INFO HostContext] Well known directory 'Bin': 'C:\Users\usuario\Downloads\Practica6Alumnos\Practica6Alumnos\actions-runner\bin'
[2026-05-13 03:11:12Z INFO ProcessInvokerWrapper] Starting process:
[2026-05-13 03:11:12Z INFO ProcessInvokerWrapper]   File name: 'C:\Users\usuario\Downloads\Practica6Alumnos\Practica6Alumnos\actions-runner\bin\Runner.Worker.exe'
[2026-05-13 03:11:12Z INFO ProcessInvokerWrapper]   Arguments: 'spawnclient 2496 2524'
[2026-05-13 03:11:12Z INFO ProcessInvokerWrapper]   Working directory: 'C:\Users\usuario\Downloads\Practica6Alumnos\Practica6Alumnos\actions-runner\bin'
[2026-05-13 03:11:12Z INFO ProcessInvokerWrapper]   Require exit code zero: 'False'
[2026-05-13 03:11:12Z INFO ProcessInvokerWrapper]   Encoding web name:  ; code page: ''
[2026-05-13 03:11:12Z INFO ProcessInvokerWrapper]   Force kill process on cancellation: 'True'
[2026-05-13 03:11:12Z INFO ProcessInvokerWrapper]   Redirected STDIN: 'False'
[2026-05-13 03:11:12Z INFO ProcessInvokerWrapper]   Persist current code page: 'False'
[2026-05-13 03:11:12Z INFO ProcessInvokerWrapper]   Keep redirected STDIN open: 'False'
[2026-05-13 03:11:12Z INFO ProcessInvokerWrapper]   High priority process: 'True'
[2026-05-13 03:11:12Z INFO ProcessInvokerWrapper] Process started with process id 10052, waiting for process exit.
[2026-05-13 03:11:12Z INFO JobDispatcher] Send job request message to worker for job 164f13a4-06aa-5b15-8d96-a85c66bf7808.
[2026-05-13 03:11:12Z INFO ProcessChannel] Sending message of length 19682, with hash 'a516f41533f0a8ae47a4b71d2b5e1e12cb74217e4dea481f59c6d6a72e8e52d7'
[2026-05-13 03:11:12Z INFO JobNotification] Entering JobStarted Notification
[2026-05-13 03:11:12Z INFO JobNotification] Entering StartMonitor
[2026-05-13 03:11:17Z INFO ProcessInvokerWrapper] STDOUT/STDERR stream read finished.
[2026-05-13 03:11:17Z INFO ProcessInvokerWrapper] STDOUT/STDERR stream read finished.
[2026-05-13 03:11:17Z INFO ProcessInvokerWrapper] Finished process 10052 with exit code 100, and elapsed time 00:00:04.6358025.
[2026-05-13 03:11:17Z INFO JobDispatcher] Worker finished for job 164f13a4-06aa-5b15-8d96-a85c66bf7808. Code: 100
[2026-05-13 03:11:17Z INFO JobDispatcher] finish job request for job 164f13a4-06aa-5b15-8d96-a85c66bf7808 with result: Succeeded
[2026-05-13 03:11:17Z INFO Terminal] WRITE LINE: 2026-05-13 03:11:17Z: Job test completed with result: Succeeded
[2026-05-13 03:11:17Z INFO JobDispatcher] Stop renew job request for job 164f13a4-06aa-5b15-8d96-a85c66bf7808.
[2026-05-13 03:11:17Z INFO JobDispatcher] job renew has been cancelled, stop renew job 164f13a4-06aa-5b15-8d96-a85c66bf7808.
[2026-05-13 03:11:17Z INFO JobNotification] Entering JobCompleted Notification
[2026-05-13 03:11:17Z INFO JobNotification] Entering EndMonitor
[2026-05-13 03:11:17Z INFO BrokerMessageListener] Received job status event. JobState: Online
[2026-05-13 03:11:17Z WARN GitHubActionsService] GET request to https://broker.actions.githubusercontent.com/message?sessionId=2d193d79-17bf-47b7-8d85-4a8ecf1e4fe6&status=Busy&runnerVersion=2.334.0&os=Windows&architecture=X64&disableUpdate=false has been cancelled.
[2026-05-13 03:11:17Z ERR  BrokerServer] Catch exception during request
[2026-05-13 03:11:17Z ERR  BrokerServer] System.Threading.Tasks.TaskCanceledException: The operation was canceled.
 ---> System.Threading.Tasks.TaskCanceledException: The operation was canceled.
 ---> System.IO.IOException: Unable to read data from the transport connection: La operación de E/S se anuló por una salida de subproceso o por una solicitud de aplicación..
 ---> System.Net.Sockets.SocketException (995): La operación de E/S se anuló por una salida de subproceso o por una solicitud de aplicación.
   --- End of inner exception stack trace ---
   at System.Net.Sockets.Socket.AwaitableSocketAsyncEventArgs.ThrowException(SocketError error, CancellationToken cancellationToken)
   at System.Net.Sockets.Socket.AwaitableSocketAsyncEventArgs.System.Threading.Tasks.Sources.IValueTaskSource<System.Int32>.GetResult(Int16 token)
   at System.Net.Security.SslStream.EnsureFullTlsFrameAsync[TIOAdapter](CancellationToken cancellationToken, Int32 estimatedSize)
   at System.Runtime.CompilerServices.PoolingAsyncValueTaskMethodBuilder`1.StateMachineBox`1.System.Threading.Tasks.Sources.IValueTaskSource<TResult>.GetResult(Int16 token)
   at System.Net.Security.SslStream.ReadAsyncInternal[TIOAdapter](Memory`1 buffer, CancellationToken cancellationToken)
   at System.Runtime.CompilerServices.PoolingAsyncValueTaskMethodBuilder`1.StateMachineBox`1.System.Threading.Tasks.Sources.IValueTaskSource<TResult>.GetResult(Int16 token)
   at System.Net.Http.HttpConnection.SendAsync(HttpRequestMessage request, Boolean async, CancellationToken cancellationToken)
   --- End of inner exception stack trace ---
   at System.Net.Http.HttpConnection.SendAsync(HttpRequestMessage request, Boolean async, CancellationToken cancellationToken)
   at System.Net.Http.AuthenticationHelper.SendWithNtAuthAsync(HttpRequestMessage request, Uri authUri, Boolean async, ICredentials credentials, Boolean isProxyAuth, HttpConnection connection, HttpConnectionPool connectionPool, CancellationToken cancellationToken)
   at System.Net.Http.HttpConnectionPool.SendWithVersionDetectionAndRetryAsync(HttpRequestMessage request, Boolean async, Boolean doRequestAuth, CancellationToken cancellationToken)
   at System.Net.Http.AuthenticationHelper.SendWithAuthAsync(HttpRequestMessage request, Uri authUri, Boolean async, ICredentials credentials, Boolean preAuthenticate, Boolean isProxyAuth, Boolean doRequestAuth, HttpConnectionPool pool, CancellationToken cancellationToken)
   at System.Net.Http.RedirectHandler.SendAsync(HttpRequestMessage request, Boolean async, CancellationToken cancellationToken)
   at GitHub.Services.Common.RawHttpMessageHandler.SendAsync(HttpRequestMessage request, CancellationToken cancellationToken)
   at GitHub.Services.Common.VssHttpRetryMessageHandler.SendAsync(HttpRequestMessage request, CancellationToken cancellationToken)
   at System.Net.Http.HttpClient.<SendAsync>g__Core|83_0(HttpRequestMessage request, HttpCompletionOption completionOption, CancellationTokenSource cts, Boolean disposeCts, CancellationTokenSource pendingRequestsCts, CancellationToken originalCancellationToken)
   --- End of inner exception stack trace ---
   at System.Net.Http.HttpClient.HandleFailure(Exception e, Boolean telemetryStarted, HttpResponseMessage response, CancellationTokenSource cts, CancellationToken cancellationToken, CancellationTokenSource pendingRequestsCts)
   at System.Net.Http.HttpClient.<SendAsync>g__Core|83_0(HttpRequestMessage request, HttpCompletionOption completionOption, CancellationTokenSource cts, Boolean disposeCts, CancellationTokenSource pendingRequestsCts, CancellationToken originalCancellationToken)
   at Sdk.WebApi.WebApi.RawHttpClientBase.SendAsync(HttpRequestMessage message, HttpCompletionOption completionOption, Object userState, CancellationToken cancellationToken)
   at Sdk.WebApi.WebApi.RawHttpClientBase.SendAsync[T](HttpRequestMessage message, Boolean readErrorBody, Object userState, CancellationToken cancellationToken)
   at Sdk.WebApi.WebApi.RawHttpClientBase.SendAsync[T](HttpMethod method, IEnumerable`1 additionalHeaders, Uri requestUri, HttpContent content, IEnumerable`1 queryParameters, Boolean readErrorBody, Object userState, CancellationToken cancellationToken)
   at GitHub.Actions.RunService.WebApi.BrokerHttpClient.GetRunnerMessageAsync(Nullable`1 sessionId, String runnerVersion, Nullable`1 status, String os, String architecture, Nullable`1 disableUpdate, CancellationToken cancellationToken)
   at GitHub.Runner.Common.BrokerServer.<>c__DisplayClass7_0.<<GetRunnerMessageAsync>b__0>d.MoveNext()
--- End of stack trace from previous location ---
   at GitHub.Runner.Common.RunnerService.RetryRequest[T](Func`1 func, CancellationToken cancellationToken, Int32 maxAttempts, Func`2 shouldRetry)
[2026-05-13 03:11:17Z ERR  BrokerServer] #####################################################
[2026-05-13 03:11:17Z ERR  BrokerServer] System.Threading.Tasks.TaskCanceledException: The operation was canceled.
 ---> System.IO.IOException: Unable to read data from the transport connection: La operación de E/S se anuló por una salida de subproceso o por una solicitud de aplicación..
 ---> System.Net.Sockets.SocketException (995): La operación de E/S se anuló por una salida de subproceso o por una solicitud de aplicación.
   --- End of inner exception stack trace ---
   at System.Net.Sockets.Socket.AwaitableSocketAsyncEventArgs.ThrowException(SocketError error, CancellationToken cancellationToken)
   at System.Net.Sockets.Socket.AwaitableSocketAsyncEventArgs.System.Threading.Tasks.Sources.IValueTaskSource<System.Int32>.GetResult(Int16 token)
   at System.Net.Security.SslStream.EnsureFullTlsFrameAsync[TIOAdapter](CancellationToken cancellationToken, Int32 estimatedSize)
   at System.Runtime.CompilerServices.PoolingAsyncValueTaskMethodBuilder`1.StateMachineBox`1.System.Threading.Tasks.Sources.IValueTaskSource<TResult>.GetResult(Int16 token)
   at System.Net.Security.SslStream.ReadAsyncInternal[TIOAdapter](Memory`1 buffer, CancellationToken cancellationToken)
   at System.Runtime.CompilerServices.PoolingAsyncValueTaskMethodBuilder`1.StateMachineBox`1.System.Threading.Tasks.Sources.IValueTaskSource<TResult>.GetResult(Int16 token)
   at System.Net.Http.HttpConnection.SendAsync(HttpRequestMessage request, Boolean async, CancellationToken cancellationToken)
   --- End of inner exception stack trace ---
   at System.Net.Http.HttpConnection.SendAsync(HttpRequestMessage request, Boolean async, CancellationToken cancellationToken)
   at System.Net.Http.AuthenticationHelper.SendWithNtAuthAsync(HttpRequestMessage request, Uri authUri, Boolean async, ICredentials credentials, Boolean isProxyAuth, HttpConnection connection, HttpConnectionPool connectionPool, CancellationToken cancellationToken)
   at System.Net.Http.HttpConnectionPool.SendWithVersionDetectionAndRetryAsync(HttpRequestMessage request, Boolean async, Boolean doRequestAuth, CancellationToken cancellationToken)
   at System.Net.Http.AuthenticationHelper.SendWithAuthAsync(HttpRequestMessage request, Uri authUri, Boolean async, ICredentials credentials, Boolean preAuthenticate, Boolean isProxyAuth, Boolean doRequestAuth, HttpConnectionPool pool, CancellationToken cancellationToken)
   at System.Net.Http.RedirectHandler.SendAsync(HttpRequestMessage request, Boolean async, CancellationToken cancellationToken)
   at GitHub.Services.Common.RawHttpMessageHandler.SendAsync(HttpRequestMessage request, CancellationToken cancellationToken)
   at GitHub.Services.Common.VssHttpRetryMessageHandler.SendAsync(HttpRequestMessage request, CancellationToken cancellationToken)
   at System.Net.Http.HttpClient.<SendAsync>g__Core|83_0(HttpRequestMessage request, HttpCompletionOption completionOption, CancellationTokenSource cts, Boolean disposeCts, CancellationTokenSource pendingRequestsCts, CancellationToken originalCancellationToken)
[2026-05-13 03:11:17Z ERR  BrokerServer] #####################################################
[2026-05-13 03:11:17Z ERR  BrokerServer] System.IO.IOException: Unable to read data from the transport connection: La operación de E/S se anuló por una salida de subproceso o por una solicitud de aplicación..
 ---> System.Net.Sockets.SocketException (995): La operación de E/S se anuló por una salida de subproceso o por una solicitud de aplicación.
   --- End of inner exception stack trace ---
   at System.Net.Sockets.Socket.AwaitableSocketAsyncEventArgs.ThrowException(SocketError error, CancellationToken cancellationToken)
   at System.Net.Sockets.Socket.AwaitableSocketAsyncEventArgs.System.Threading.Tasks.Sources.IValueTaskSource<System.Int32>.GetResult(Int16 token)
   at System.Net.Security.SslStream.EnsureFullTlsFrameAsync[TIOAdapter](CancellationToken cancellationToken, Int32 estimatedSize)
   at System.Runtime.CompilerServices.PoolingAsyncValueTaskMethodBuilder`1.StateMachineBox`1.System.Threading.Tasks.Sources.IValueTaskSource<TResult>.GetResult(Int16 token)
   at System.Net.Security.SslStream.ReadAsyncInternal[TIOAdapter](Memory`1 buffer, CancellationToken cancellationToken)
   at System.Runtime.CompilerServices.PoolingAsyncValueTaskMethodBuilder`1.StateMachineBox`1.System.Threading.Tasks.Sources.IValueTaskSource<TResult>.GetResult(Int16 token)
   at System.Net.Http.HttpConnection.SendAsync(HttpRequestMessage request, Boolean async, CancellationToken cancellationToken)
[2026-05-13 03:11:17Z ERR  BrokerServer] #####################################################
[2026-05-13 03:11:17Z ERR  BrokerServer] System.Net.Sockets.SocketException (995): La operación de E/S se anuló por una salida de subproceso o por una solicitud de aplicación.
[2026-05-13 03:11:17Z WARN BrokerServer] Back off 5,636 seconds before next retry. 4 attempt left.
[2026-05-13 03:11:17Z INFO BrokerMessageListener] Get messages has been cancelled using local token source. Continue to get messages with new status.
[2026-05-13 03:12:41Z INFO BrokerMessageListener] Acknowledging runner request '666059a0-8dba-5b8b-97cc-17442a980b66'.
[2026-05-13 03:12:41Z INFO ConfigurationStore] HasCredentials()
[2026-05-13 03:12:41Z INFO ConfigurationStore] stored True
[2026-05-13 03:12:41Z INFO CredentialManager] GetCredentialProvider
[2026-05-13 03:12:41Z INFO CredentialManager] Creating type OAuth
[2026-05-13 03:12:41Z INFO CredentialManager] Creating credential type: OAuth
[2026-05-13 03:12:41Z INFO RSAEncryptedFileKeyManager] Loading RSA key parameters from file C:\Users\usuario\Downloads\Practica6Alumnos\Practica6Alumnos\actions-runner\.credentials_rsaparams
[2026-05-13 03:12:41Z INFO RSAEncryptedFileKeyManager] Loading RSA key parameters from file C:\Users\usuario\Downloads\Practica6Alumnos\Practica6Alumnos\actions-runner\.credentials_rsaparams
[2026-05-13 03:12:41Z INFO RSAEncryptedFileKeyManager] Loading RSA key parameters from file C:\Users\usuario\Downloads\Practica6Alumnos\Practica6Alumnos\actions-runner\.credentials_rsaparams
[2026-05-13 03:12:42Z INFO GitHubActionsService] AAD Correlation ID for this token request: Unknown
[2026-05-13 03:12:42Z INFO JobDispatcher] Job request 0 for plan 41b84b2e-6ea6-4c01-b213-066fe4a3dfce job 666059a0-8dba-5b8b-97cc-17442a980b66 received.
[2026-05-13 03:12:42Z INFO JobDispatcher] Pull OrchestrationId 41b84b2e-6ea6-4c01-b213-066fe4a3dfce.deploy.__default from JWT claims
[2026-05-13 03:12:42Z INFO BrokerMessageListener] Received job status event. JobState: Busy
[2026-05-13 03:12:42Z INFO BrokerMessageListener] _getMessagesTokenSource is already disposed.
[2026-05-13 03:12:42Z INFO JobDispatcher] Job request 164f13a4-06aa-5b15-8d96-a85c66bf7808 processed succeed.
[2026-05-13 03:12:42Z INFO Terminal] WRITE LINE: 2026-05-13 03:12:42Z: Running job: 🚀 Deploy to Kubernetes
[2026-05-13 03:12:42Z INFO JobDispatcher] Start renew job request 0 for job 666059a0-8dba-5b8b-97cc-17442a980b66.
[2026-05-13 03:12:43Z INFO JobDispatcher] Successfully renew job 666059a0-8dba-5b8b-97cc-17442a980b66, job is valid till 13/05/2026 3:22:43
[2026-05-13 03:12:43Z INFO HostContext] Well known directory 'Bin': 'C:\Users\usuario\Downloads\Practica6Alumnos\Practica6Alumnos\actions-runner\bin'
[2026-05-13 03:12:43Z INFO ProcessInvokerWrapper] Starting process:
[2026-05-13 03:12:43Z INFO ProcessInvokerWrapper]   File name: 'C:\Users\usuario\Downloads\Practica6Alumnos\Practica6Alumnos\actions-runner\bin\Runner.Worker.exe'
[2026-05-13 03:12:43Z INFO ProcessInvokerWrapper]   Arguments: 'spawnclient 2376 2244'
[2026-05-13 03:12:43Z INFO ProcessInvokerWrapper]   Working directory: 'C:\Users\usuario\Downloads\Practica6Alumnos\Practica6Alumnos\actions-runner\bin'
[2026-05-13 03:12:43Z INFO ProcessInvokerWrapper]   Require exit code zero: 'False'
[2026-05-13 03:12:43Z INFO ProcessInvokerWrapper]   Encoding web name:  ; code page: ''
[2026-05-13 03:12:43Z INFO ProcessInvokerWrapper]   Force kill process on cancellation: 'True'
[2026-05-13 03:12:43Z INFO ProcessInvokerWrapper]   Redirected STDIN: 'False'
[2026-05-13 03:12:43Z INFO ProcessInvokerWrapper]   Persist current code page: 'False'
[2026-05-13 03:12:43Z INFO ProcessInvokerWrapper]   Keep redirected STDIN open: 'False'
[2026-05-13 03:12:43Z INFO ProcessInvokerWrapper]   High priority process: 'True'
[2026-05-13 03:12:43Z INFO ProcessInvokerWrapper] Process started with process id 21064, waiting for process exit.
[2026-05-13 03:12:43Z INFO JobDispatcher] Send job request message to worker for job 666059a0-8dba-5b8b-97cc-17442a980b66.
[2026-05-13 03:12:43Z INFO ProcessChannel] Sending message of length 23062, with hash '45b1b78f336099e1a40c4ff5b35ff5838d05400228d06f9e450be00fa8a415ef'
[2026-05-13 03:12:43Z INFO JobNotification] Entering JobStarted Notification
[2026-05-13 03:12:43Z INFO JobNotification] Entering StartMonitor
[2026-05-13 03:13:29Z INFO ProcessInvokerWrapper] STDOUT/STDERR stream read finished.
[2026-05-13 03:13:29Z INFO ProcessInvokerWrapper] STDOUT/STDERR stream read finished.
[2026-05-13 03:13:29Z INFO ProcessInvokerWrapper] Finished process 21064 with exit code 102, and elapsed time 00:00:46.4857065.
[2026-05-13 03:13:29Z INFO JobDispatcher] Worker finished for job 666059a0-8dba-5b8b-97cc-17442a980b66. Code: 102
[2026-05-13 03:13:29Z INFO JobDispatcher] finish job request for job 666059a0-8dba-5b8b-97cc-17442a980b66 with result: Failed
[2026-05-13 03:13:29Z INFO Terminal] WRITE LINE: 2026-05-13 03:13:29Z: Job 🚀 Deploy to Kubernetes completed with result: Failed
[2026-05-13 03:13:29Z INFO JobDispatcher] Stop renew job request for job 666059a0-8dba-5b8b-97cc-17442a980b66.
[2026-05-13 03:13:29Z INFO JobDispatcher] job renew has been cancelled, stop renew job 666059a0-8dba-5b8b-97cc-17442a980b66.
[2026-05-13 03:13:29Z INFO JobNotification] Entering JobCompleted Notification
[2026-05-13 03:13:29Z INFO JobNotification] Entering EndMonitor
[2026-05-13 03:13:29Z INFO BrokerMessageListener] Received job status event. JobState: Online
[2026-05-13 03:13:29Z WARN GitHubActionsService] GET request to https://broker.actions.githubusercontent.com/message?sessionId=2d193d79-17bf-47b7-8d85-4a8ecf1e4fe6&status=Busy&runnerVersion=2.334.0&os=Windows&architecture=X64&disableUpdate=false has been cancelled.
[2026-05-13 03:13:29Z ERR  BrokerServer] Catch exception during request
[2026-05-13 03:13:29Z ERR  BrokerServer] System.Threading.Tasks.TaskCanceledException: The operation was canceled.
 ---> System.Threading.Tasks.TaskCanceledException: The operation was canceled.
 ---> System.IO.IOException: Unable to read data from the transport connection: La operación de E/S se anuló por una salida de subproceso o por una solicitud de aplicación..
 ---> System.Net.Sockets.SocketException (995): La operación de E/S se anuló por una salida de subproceso o por una solicitud de aplicación.
   --- End of inner exception stack trace ---
   at System.Net.Sockets.Socket.AwaitableSocketAsyncEventArgs.ThrowException(SocketError error, CancellationToken cancellationToken)
   at System.Net.Sockets.Socket.AwaitableSocketAsyncEventArgs.System.Threading.Tasks.Sources.IValueTaskSource<System.Int32>.GetResult(Int16 token)
   at System.Net.Security.SslStream.EnsureFullTlsFrameAsync[TIOAdapter](CancellationToken cancellationToken, Int32 estimatedSize)
   at System.Runtime.CompilerServices.PoolingAsyncValueTaskMethodBuilder`1.StateMachineBox`1.System.Threading.Tasks.Sources.IValueTaskSource<TResult>.GetResult(Int16 token)
   at System.Net.Security.SslStream.ReadAsyncInternal[TIOAdapter](Memory`1 buffer, CancellationToken cancellationToken)
   at System.Runtime.CompilerServices.PoolingAsyncValueTaskMethodBuilder`1.StateMachineBox`1.System.Threading.Tasks.Sources.IValueTaskSource<TResult>.GetResult(Int16 token)
   at System.Net.Http.HttpConnection.SendAsync(HttpRequestMessage request, Boolean async, CancellationToken cancellationToken)
   --- End of inner exception stack trace ---
   at System.Net.Http.HttpConnection.SendAsync(HttpRequestMessage request, Boolean async, CancellationToken cancellationToken)
   at System.Net.Http.AuthenticationHelper.SendWithNtAuthAsync(HttpRequestMessage request, Uri authUri, Boolean async, ICredentials credentials, Boolean isProxyAuth, HttpConnection connection, HttpConnectionPool connectionPool, CancellationToken cancellationToken)
   at System.Net.Http.HttpConnectionPool.SendWithVersionDetectionAndRetryAsync(HttpRequestMessage request, Boolean async, Boolean doRequestAuth, CancellationToken cancellationToken)
   at System.Net.Http.AuthenticationHelper.SendWithAuthAsync(HttpRequestMessage request, Uri authUri, Boolean async, ICredentials credentials, Boolean preAuthenticate, Boolean isProxyAuth, Boolean doRequestAuth, HttpConnectionPool pool, CancellationToken cancellationToken)
   at System.Net.Http.RedirectHandler.SendAsync(HttpRequestMessage request, Boolean async, CancellationToken cancellationToken)
   at GitHub.Services.Common.RawHttpMessageHandler.SendAsync(HttpRequestMessage request, CancellationToken cancellationToken)
   at GitHub.Services.Common.VssHttpRetryMessageHandler.SendAsync(HttpRequestMessage request, CancellationToken cancellationToken)
   at System.Net.Http.HttpClient.<SendAsync>g__Core|83_0(HttpRequestMessage request, HttpCompletionOption completionOption, CancellationTokenSource cts, Boolean disposeCts, CancellationTokenSource pendingRequestsCts, CancellationToken originalCancellationToken)
   --- End of inner exception stack trace ---
   at System.Net.Http.HttpClient.HandleFailure(Exception e, Boolean telemetryStarted, HttpResponseMessage response, CancellationTokenSource cts, CancellationToken cancellationToken, CancellationTokenSource pendingRequestsCts)
   at System.Net.Http.HttpClient.<SendAsync>g__Core|83_0(HttpRequestMessage request, HttpCompletionOption completionOption, CancellationTokenSource cts, Boolean disposeCts, CancellationTokenSource pendingRequestsCts, CancellationToken originalCancellationToken)
   at Sdk.WebApi.WebApi.RawHttpClientBase.SendAsync(HttpRequestMessage message, HttpCompletionOption completionOption, Object userState, CancellationToken cancellationToken)
   at Sdk.WebApi.WebApi.RawHttpClientBase.SendAsync[T](HttpRequestMessage message, Boolean readErrorBody, Object userState, CancellationToken cancellationToken)
   at Sdk.WebApi.WebApi.RawHttpClientBase.SendAsync[T](HttpMethod method, IEnumerable`1 additionalHeaders, Uri requestUri, HttpContent content, IEnumerable`1 queryParameters, Boolean readErrorBody, Object userState, CancellationToken cancellationToken)
   at GitHub.Actions.RunService.WebApi.BrokerHttpClient.GetRunnerMessageAsync(Nullable`1 sessionId, String runnerVersion, Nullable`1 status, String os, String architecture, Nullable`1 disableUpdate, CancellationToken cancellationToken)
   at GitHub.Runner.Common.BrokerServer.<>c__DisplayClass7_0.<<GetRunnerMessageAsync>b__0>d.MoveNext()
--- End of stack trace from previous location ---
   at GitHub.Runner.Common.RunnerService.RetryRequest[T](Func`1 func, CancellationToken cancellationToken, Int32 maxAttempts, Func`2 shouldRetry)
[2026-05-13 03:13:29Z ERR  BrokerServer] #####################################################
[2026-05-13 03:13:29Z ERR  BrokerServer] System.Threading.Tasks.TaskCanceledException: The operation was canceled.
 ---> System.IO.IOException: Unable to read data from the transport connection: La operación de E/S se anuló por una salida de subproceso o por una solicitud de aplicación..
 ---> System.Net.Sockets.SocketException (995): La operación de E/S se anuló por una salida de subproceso o por una solicitud de aplicación.
   --- End of inner exception stack trace ---
   at System.Net.Sockets.Socket.AwaitableSocketAsyncEventArgs.ThrowException(SocketError error, CancellationToken cancellationToken)
   at System.Net.Sockets.Socket.AwaitableSocketAsyncEventArgs.System.Threading.Tasks.Sources.IValueTaskSource<System.Int32>.GetResult(Int16 token)
   at System.Net.Security.SslStream.EnsureFullTlsFrameAsync[TIOAdapter](CancellationToken cancellationToken, Int32 estimatedSize)
   at System.Runtime.CompilerServices.PoolingAsyncValueTaskMethodBuilder`1.StateMachineBox`1.System.Threading.Tasks.Sources.IValueTaskSource<TResult>.GetResult(Int16 token)
   at System.Net.Security.SslStream.ReadAsyncInternal[TIOAdapter](Memory`1 buffer, CancellationToken cancellationToken)
   at System.Runtime.CompilerServices.PoolingAsyncValueTaskMethodBuilder`1.StateMachineBox`1.System.Threading.Tasks.Sources.IValueTaskSource<TResult>.GetResult(Int16 token)
   at System.Net.Http.HttpConnection.SendAsync(HttpRequestMessage request, Boolean async, CancellationToken cancellationToken)
   --- End of inner exception stack trace ---
   at System.Net.Http.HttpConnection.SendAsync(HttpRequestMessage request, Boolean async, CancellationToken cancellationToken)
   at System.Net.Http.AuthenticationHelper.SendWithNtAuthAsync(HttpRequestMessage request, Uri authUri, Boolean async, ICredentials credentials, Boolean isProxyAuth, HttpConnection connection, HttpConnectionPool connectionPool, CancellationToken cancellationToken)
   at System.Net.Http.HttpConnectionPool.SendWithVersionDetectionAndRetryAsync(HttpRequestMessage request, Boolean async, Boolean doRequestAuth, CancellationToken cancellationToken)
   at System.Net.Http.AuthenticationHelper.SendWithAuthAsync(HttpRequestMessage request, Uri authUri, Boolean async, ICredentials credentials, Boolean preAuthenticate, Boolean isProxyAuth, Boolean doRequestAuth, HttpConnectionPool pool, CancellationToken cancellationToken)
   at System.Net.Http.RedirectHandler.SendAsync(HttpRequestMessage request, Boolean async, CancellationToken cancellationToken)
   at GitHub.Services.Common.RawHttpMessageHandler.SendAsync(HttpRequestMessage request, CancellationToken cancellationToken)
   at GitHub.Services.Common.VssHttpRetryMessageHandler.SendAsync(HttpRequestMessage request, CancellationToken cancellationToken)
   at System.Net.Http.HttpClient.<SendAsync>g__Core|83_0(HttpRequestMessage request, HttpCompletionOption completionOption, CancellationTokenSource cts, Boolean disposeCts, CancellationTokenSource pendingRequestsCts, CancellationToken originalCancellationToken)
[2026-05-13 03:13:29Z ERR  BrokerServer] #####################################################
[2026-05-13 03:13:29Z ERR  BrokerServer] System.IO.IOException: Unable to read data from the transport connection: La operación de E/S se anuló por una salida de subproceso o por una solicitud de aplicación..
 ---> System.Net.Sockets.SocketException (995): La operación de E/S se anuló por una salida de subproceso o por una solicitud de aplicación.
   --- End of inner exception stack trace ---
   at System.Net.Sockets.Socket.AwaitableSocketAsyncEventArgs.ThrowException(SocketError error, CancellationToken cancellationToken)
   at System.Net.Sockets.Socket.AwaitableSocketAsyncEventArgs.System.Threading.Tasks.Sources.IValueTaskSource<System.Int32>.GetResult(Int16 token)
   at System.Net.Security.SslStream.EnsureFullTlsFrameAsync[TIOAdapter](CancellationToken cancellationToken, Int32 estimatedSize)
   at System.Runtime.CompilerServices.PoolingAsyncValueTaskMethodBuilder`1.StateMachineBox`1.System.Threading.Tasks.Sources.IValueTaskSource<TResult>.GetResult(Int16 token)
   at System.Net.Security.SslStream.ReadAsyncInternal[TIOAdapter](Memory`1 buffer, CancellationToken cancellationToken)
   at System.Runtime.CompilerServices.PoolingAsyncValueTaskMethodBuilder`1.StateMachineBox`1.System.Threading.Tasks.Sources.IValueTaskSource<TResult>.GetResult(Int16 token)
   at System.Net.Http.HttpConnection.SendAsync(HttpRequestMessage request, Boolean async, CancellationToken cancellationToken)
[2026-05-13 03:13:29Z ERR  BrokerServer] #####################################################
[2026-05-13 03:13:29Z ERR  BrokerServer] System.Net.Sockets.SocketException (995): La operación de E/S se anuló por una salida de subproceso o por una solicitud de aplicación.
[2026-05-13 03:13:29Z WARN BrokerServer] Back off 11,569 seconds before next retry. 4 attempt left.
[2026-05-13 03:13:29Z INFO BrokerMessageListener] Get messages has been cancelled using local token source. Continue to get messages with new status.
