[2026-05-13 03:04:56Z INFO HostContext] No proxy settings were found based on environmental variables (http_proxy/https_proxy/HTTP_PROXY/HTTPS_PROXY)
[2026-05-13 03:04:56Z INFO HostContext] Well known directory 'Bin': 'C:\Users\usuario\Downloads\Practica6Alumnos\Practica6Alumnos\actions-runner\bin'
[2026-05-13 03:04:56Z INFO HostContext] Well known directory 'Root': 'C:\Users\usuario\Downloads\Practica6Alumnos\Practica6Alumnos\actions-runner'
[2026-05-13 03:04:56Z INFO HostContext] Well known config file 'Credentials': 'C:\Users\usuario\Downloads\Practica6Alumnos\Practica6Alumnos\actions-runner\.credentials'
[2026-05-13 03:04:56Z INFO HostContext] Well known directory 'Bin': 'C:\Users\usuario\Downloads\Practica6Alumnos\Practica6Alumnos\actions-runner\bin'
[2026-05-13 03:04:56Z INFO HostContext] Well known directory 'Root': 'C:\Users\usuario\Downloads\Practica6Alumnos\Practica6Alumnos\actions-runner'
[2026-05-13 03:04:56Z INFO HostContext] Well known config file 'Runner': 'C:\Users\usuario\Downloads\Practica6Alumnos\Practica6Alumnos\actions-runner\.runner'
[2026-05-13 03:04:56Z INFO Worker] Version: 2.334.0
[2026-05-13 03:04:56Z INFO Worker] Commit: f1995ede5d885c997d13d8eca5467c4ce97fe69c
[2026-05-13 03:04:56Z INFO Worker] Culture: es-ES
[2026-05-13 03:04:56Z INFO Worker] UI Culture: es-ES
[2026-05-13 03:04:56Z INFO Worker] Waiting to receive the job message from the channel.
[2026-05-13 03:04:56Z INFO ProcessChannel] Receiving message of length 20935, with hash '3a8cdac2c2b2c6057bff736b42eb40ded7b5c2783061a76a1d03d6b61bb66de6'
[2026-05-13 03:04:56Z INFO Worker] Message received.
[2026-05-13 03:04:57Z INFO Worker] Job message:
 {
  "fileTable": [
    ".github/workflows/main.yml"
  ],
  "mask": [
    {
      "type": "regex",
      "value": "***"
    },
    {
      "type": "regex",
      "value": "***"
    },
    {
      "type": "regex",
      "value": "***"
    },
    {
      "type": "regex",
      "value": "***"
    },
    {
      "type": "regex",
      "value": "***"
    },
    {
      "type": "regex",
      "value": "***"
    },
    {
      "type": "regex",
      "value": "***"
    },
    {
      "type": "regex",
      "value": "***"
    },
    {
      "type": "regex",
      "value": "***"
    },
    {
      "type": "regex",
      "value": "***"
    },
    {
      "type": "regex",
      "value": "***"
    },
    {
      "type": "regex",
      "value": "***"
    },
    {
      "type": "regex",
      "value": "***"
    },
    {
      "type": "regex",
      "value": "***"
    },
    {
      "type": "regex",
      "value": "***"
    },
    {
      "type": "regex",
      "value": "***"
    },
    {
      "type": "regex",
      "value": "***"
    },
    {
      "type": "regex",
      "value": "***"
    }
  ],
  "steps": [
    {
      "type": "action",
      "reference": {
        "type": "script"
      },
      "displayNameToken": {
        "type": 0,
        "file": 1,
        "line": 11,
        "col": 15,
        "lit": "Hola"
      },
      "contextName": "__run",
      "inputs": {
        "type": 2,
        "map": [
          {
            "key": "script",
            "value": {
              "type": 0,
              "file": 1,
              "line": 12,
              "col": 14,
              "lit": "echo \"Runner funcionando\""
            }
          }
        ]
      },
      "condition": "success()",
      "id": "e92dfdbf-c347-4fd7-b345-d892920859ad",
      "name": "__run"
    }
  ],
  "variables": {
    "Actions.EnableHttpRedirects": {
      "value": "true"
    },
    "DistributedTask.AddWarningToNode12Action": {
      "value": "true"
    },
    "DistributedTask.AddWarningToNode16Action": {
      "value": "true"
    },
    "DistributedTask.AllowRunnerContainerHooks": {
      "value": "true"
    },
    "DistributedTask.DeprecateStepOutputCommands": {
      "value": "true"
    },
    "DistributedTask.DetailUntarFailure": {
      "value": "true"
    },
    "DistributedTask.EnableCompositeActions": {
      "value": "true"
    },
    "DistributedTask.EnableJobServerQueueTelemetry": {
      "value": "true"
    },
    "DistributedTask.EnhancedAnnotations": {
      "value": "true"
    },
    "DistributedTask.ForceGithubJavascriptActionsToNode16": {
      "value": "true"
    },
    "DistributedTask.ForceGithubJavascriptActionsToNode20": {
      "value": "true"
    },
    "DistributedTask.LogTemplateErrorsAsDebugMessages": {
      "value": "true"
    },
    "DistributedTask.MarkJobAsFailedOnWorkerCrash": {
      "value": "true"
    },
    "DistributedTask.NewActionMetadata": {
      "value": "true"
    },
    "DistributedTask.UploadStepSummary": {
      "value": "true"
    },
    "DistributedTask.UseActionArchiveCache": {
      "value": "true"
    },
    "DistributedTask.UseWhich2": {
      "value": "true"
    },
    "RunService.FixEmbeddedIssues": {
      "value": "true"
    },
    "actions.runner.requirenode24": {
      "value": "false"
    },
    "actions.runner.usenode24bydefault": {
      "value": "false"
    },
    "actions.runner.warnonnode20": {
      "value": "true"
    },
    "actions_add_check_run_id_to_job_context": {
      "value": "true"
    },
    "actions_batch_action_resolution": {
      "value": "false"
    },
    "actions_container_action_runner_temp": {
      "value": "true"
    },
    "actions_display_helpful_actions_download_errors": {
      "value": "true"
    },
    "actions_runner_compare_workflow_parser": {
      "value": "false"
    },
    "actions_runner_deprecate_linux_arm32": {
      "value": "false"
    },
    "actions_runner_emit_composite_markers": {
      "value": "false"
    },
    "actions_runner_kill_linux_arm32": {
      "value": "false"
    },
    "actions_runner_node20_removal_date": {
      "value": ""
    },
    "actions_runner_node24_default_date": {
      "value": ""
    },
    "actions_service_container_command": {
      "value": "true"
    },
    "actions_set_orchestration_id_env_for_actions": {
      "value": "true"
    },
    "actions_skip_retry_complete_job_upon_known_errors": {
      "value": "true"
    },
    "actions_snapshot_preflight_hosted_runner_check": {
      "value": "false"
    },
    "actions_snapshot_preflight_image_gen_pool_check": {
      "value": "false"
    },
    "actions_use_bearer_token_for_codeload": {
      "value": "false"
    },
    "actions_uses_cache_service_v2": {
      "value": "true"
    },
    "github_token": {
      "value": "***",
      "isSecret": true
    },
    "system.from_run_service": {
      "value": "true"
    },
    "system.github.job": {
      "value": "test"
    },
    "system.github.launch_endpoint": {
      "value": "https://launch.actions.githubusercontent.com"
    },
    "system.github.results_endpoint": {
      "value": "https://results-receiver.actions.githubusercontent.com/"
    },
    "system.github.results_upload_with_sdk": {
      "value": "true"
    },
    "system.github.token": {
      "value": "***",
      "isSecret": true
    },
    "system.github.token.permissions": {
      "value": "{\"Contents\":\"read\",\"Metadata\":\"read\",\"Packages\":\"read\"}"
    },
    "system.orchestrationId": {
      "value": "42770d14-da1f-4e23-8cef-c9bd24a72db0.test.__default"
    },
    "system.phaseDisplayName": {
      "value": "test"
    },
    "system.runner.lowdiskspacethreshold": {
      "value": "100"
    },
    "system.runnerEnvironment": {
      "value": "self-hosted"
    },
    "system.runnerGroupName": {
      "value": "Default"
    }
  },
  "messageType": "RunnerJobRequest",
  "plan": {
    "scopeIdentifier": "00000000-0000-0000-0000-000000000000",
    "planType": "actions",
    "version": 0,
    "planId": "42770d14-da1f-4e23-8cef-c9bd24a72db0",
    "planGroup": null,
    "artifactUri": null,
    "artifactLocation": null,
    "definition": null,
    "owner": null
  },
  "timeline": {
    "id": "42770d14-da1f-4e23-8cef-c9bd24a72db0",
    "changeId": 0,
    "location": null
  },
  "jobId": "76160779-0f8b-5559-bca4-dc7238be1c0a",
  "jobDisplayName": "test",
  "jobName": "__default",
  "requestId": 0,
  "lockedUntil": "0001-01-01T00:00:00",
  "resources": {
    "endpoints": [
      {
        "data": {
          "ServerId": "",
          "ServerName": "",
          "CacheServerUrl": "https://artifactcache.actions.githubusercontent.com/6dHovpnwvSKrF63NncOfwl9xcoolgFzs1e7nsv0P5791uqeciC/",
          "FeedStreamUrl": "wss://results-receiver.actions.githubusercontent.com/_ws/ingest.sock",
          "ResultsServiceUrl": "https://results-receiver.actions.githubusercontent.com/",
          "PipelinesServiceUrl": "https://pipelinesghubeus22.actions.githubusercontent.com/6dHovpnwvSKrF63NncOfwl9xcoolgFzs1e7nsv0P5791uqeciC/",
          "GenerateIdTokenUrl": "",
          "ConnectivityChecks": "[\"https://broker.actions.githubusercontent.com/health\",\"https://token.actions.githubusercontent.com/ready\",\"https://run.actions.githubusercontent.com/health\"]"
        },
        "name": "SystemVssConnection",
        "url": "https://run-actions-2-azure-eastus.actions.githubusercontent.com/1/",
        "authorization": {
          "parameters": {
            "AccessToken": "***"
          },
          "scheme": "OAuth"
        },
        "isShared": false,
        "isReady": true
      }
    ]
  },
  "contextData": {
    "github": {
      "t": 2,
      "d": [
        {
          "k": "ref",
          "v": "refs/heads/main"
        },
        {
          "k": "sha",
          "v": "92f489609220df70079009b49f9260348bad7662"
        },
        {
          "k": "repository",
          "v": "laiadiaz/Practica7IPS"
        },
        {
          "k": "repository_owner",
          "v": "laiadiaz"
        },
        {
          "k": "repository_owner_id",
          "v": "148168212"
        },
        {
          "k": "repositoryUrl",
          "v": "git://github.com/laiadiaz/Practica7IPS.git"
        },
        {
          "k": "run_id",
          "v": "25775448882"
        },
        {
          "k": "run_number",
          "v": "2"
        },
        {
          "k": "retention_days",
          "v": "90"
        },
        {
          "k": "run_attempt",
          "v": "1"
        },
        {
          "k": "artifact_cache_size_limit",
          "v": "10"
        },
        {
          "k": "repository_visibility",
          "v": "public"
        },
        {
          "k": "actor_id",
          "v": "148168212"
        },
        {
          "k": "actor",
          "v": "laiadiaz"
        },
        {
          "k": "workflow",
          "v": "Test Runner"
        },
        {
          "k": "head_ref",
          "v": ""
        },
        {
          "k": "base_ref",
          "v": ""
        },
        {
          "k": "event_name",
          "v": "push"
        },
        {
          "k": "server_url",
          "v": "https://github.com"
        },
        {
          "k": "api_url",
          "v": "https://api.github.com"
        },
        {
          "k": "graphql_url",
          "v": "https://api.github.com/graphql"
        },
        {
          "k": "ref_name",
          "v": "main"
        },
        {
          "k": "ref_protected",
          "v": false
        },
        {
          "k": "ref_type",
          "v": "branch"
        },
        {
          "k": "secret_source",
          "v": "Actions"
        },
        {
          "k": "event",
          "v": {
            "t": 2,
            "d": [
              {
                "k": "after",
                "v": "92f489609220df70079009b49f9260348bad7662"
              },
              {
                "k": "base_ref",
                "v": null
              },
              {
                "k": "before",
                "v": "b3592a4d2f29ef462697ef6377e622eaa94fa6ac"
              },
              {
                "k": "commits",
                "v": {
                  "t": 1,
                  "a": [
                    {
                      "t": 2,
                      "d": [
                        {
                          "k": "author",
                          "v": {
                            "t": 2,
                            "d": [
                              {
                                "k": "email",
                                "v": "laiadiaz@uma.es"
                              },
                              {
                                "k": "name",
                                "v": "unknown"
                              },
                              {
                                "k": "username",
                                "v": "laiadiaz"
                              }
                            ]
                          }
                        },
                        {
                          "k": "committer",
                          "v": {
                            "t": 2,
                            "d": [
                              {
                                "k": "email",
                                "v": "laiadiaz@uma.es"
                              },
                              {
                                "k": "name",
                                "v": "unknown"
                              },
                              {
                                "k": "username",
                                "v": "laiadiaz"
                              }
                            ]
                          }
                        },
                        {
                          "k": "distinct",
                          "v": true
                        },
                        {
                          "k": "id",
                          "v": "bce299ac075a4da09a9ad378da092a0da7151542"
                        },
                        {
                          "k": "message",
                          "v": "Pipeline"
                        },
                        {
                          "k": "timestamp",
                          "v": "2026-05-13T04:56:14+02:00"
                        },
                        {
                          "k": "tree_id",
                          "v": "4bd5a853d080ce2a8ee2995cffad76493da53aa2"
                        },
                        {
                          "k": "url",
                          "v": "https://github.com/laiadiaz/Practica7IPS/commit/bce299ac075a4da09a9ad378da092a0da7151542"
                        }
                      ]
                    },
                    {
                      "t": 2,
                      "d": [
                        {
                          "k": "author",
                          "v": {
                            "t": 2,
                            "d": [
                              {
                                "k": "email",
                                "v": "laiadiaz@uma.es"
                              },
                              {
                                "k": "name",
                                "v": "unknown"
                              },
                              {
                                "k": "username",
                                "v": "laiadiaz"
                              }
                            ]
                          }
                        },
                        {
                          "k": "committer",
                          "v": {
                            "t": 2,
                            "d": [
                              {
                                "k": "email",
                                "v": "laiadiaz@uma.es"
                              },
                              {
                                "k": "name",
                                "v": "unknown"
                              },
                              {
                                "k": "username",
                                "v": "laiadiaz"
                              }
                            ]
                          }
                        },
                        {
                          "k": "distinct",
                          "v": true
                        },
                        {
                          "k": "id",
                          "v": "d1e549253afb15d86552b319df27edcfc21ece02"
                        },
                        {
                          "k": "message",
                          "v": "nueva version endpoint"
                        },
                        {
                          "k": "timestamp",
                          "v": "2026-05-13T04:56:17+02:00"
                        },
                        {
                          "k": "tree_id",
                          "v": "b050acc4f1fe752d1d6c671088ae6173d1122142"
                        },
                        {
                          "k": "url",
                          "v": "https://github.com/laiadiaz/Practica7IPS/commit/d1e549253afb15d86552b319df27edcfc21ece02"
                        }
                      ]
                    },
                    {
                      "t": 2,
                      "d": [
                        {
                          "k": "author",
                          "v": {
                            "t": 2,
                            "d": [
                              {
                                "k": "email",
                                "v": "laiadiaz@uma.es"
                              },
                              {
                                "k": "name",
                                "v": "unknown"
                              },
                              {
                                "k": "username",
                                "v": "laiadiaz"
                              }
                            ]
                          }
                        },
                        {
                          "k": "committer",
                          "v": {
                            "t": 2,
                            "d": [
                              {
                                "k": "email",
                                "v": "laiadiaz@uma.es"
                              },
                              {
                                "k": "name",
                                "v": "unknown"
                              },
                              {
                                "k": "username",
                                "v": "laiadiaz"
                              }
                            ]
                          }
                        },
                        {
                          "k": "distinct",
                          "v": true
                        },
                        {
                          "k": "id",
                          "v": "92f489609220df70079009b49f9260348bad7662"
                        },
                        {
                          "k": "message",
                          "v": "validar CI/CD con push"
                        },
                        {
                          "k": "timestamp",
                          "v": "2026-05-13T04:56:18+02:00"
                        },
                        {
                          "k": "tree_id",
                          "v": "b999c1675bb199238d58e0660d68eee3fa4a1f08"
                        },
                        {
                          "k": "url",
                          "v": "https://github.com/laiadiaz/Practica7IPS/commit/92f489609220df70079009b49f9260348bad7662"
                        }
                      ]
                    }
                  ]
                }
              },
              {
                "k": "compare",
                "v": "https://github.com/laiadiaz/Practica7IPS/compare/b3592a4d2f29...92f489609220"
              },
              {
                "k": "created",
                "v": false
              },
              {
                "k": "deleted",
                "v": false
              },
              {
                "k": "forced",
                "v": false
              },
              {
                "k": "head_commit",
                "v": {
                  "t": 2,
                  "d": [
                    {
                      "k": "author",
                      "v": {
                        "t": 2,
                        "d": [
                          {
                            "k": "email",
                            "v": "laiadiaz@uma.es"
                          },
                          {
                            "k": "name",
                            "v": "unknown"
                          },
                          {
                            "k": "username",
                            "v": "laiadiaz"
                          }
                        ]
                      }
                    },
                    {
                      "k": "committer",
                      "v": {
                        "t": 2,
                        "d": [
                          {
                            "k": "email",
                            "v": "laiadiaz@uma.es"
                          },
                          {
                            "k": "name",
                            "v": "unknown"
                          },
                          {
                            "k": "username",
                            "v": "laiadiaz"
                          }
                        ]
                      }
                    },
                    {
                      "k": "distinct",
                      "v": true
                    },
                    {
                      "k": "id",
                      "v": "92f489609220df70079009b49f9260348bad7662"
                    },
                    {
                      "k": "message",
                      "v": "validar CI/CD con push"
                    },
                    {
                      "k": "timestamp",
                      "v": "2026-05-13T04:56:18+02:00"
                    },
                    {
                      "k": "tree_id",
                      "v": "b999c1675bb199238d58e0660d68eee3fa4a1f08"
                    },
                    {
                      "k": "url",
                      "v": "https://github.com/laiadiaz/Practica7IPS/commit/92f489609220df70079009b49f9260348bad7662"
                    }
                  ]
                }
              },
              {
                "k": "pusher",
                "v": {
                  "t": 2,
                  "d": [
                    {
                      "k": "email",
                      "v": "148168212+laiadiaz@users.noreply.github.com"
                    },
                    {
                      "k": "name",
                      "v": "laiadiaz"
                    }
                  ]
                }
              },
              {
                "k": "ref",
                "v": "refs/heads/main"
              },
              {
                "k": "repository",
                "v": {
                  "t": 2,
                  "d": [
                    {
                      "k": "allow_forking",
                      "v": true
                    },
                    {
                      "k": "archive_url",
                      "v": "https://api.github.com/repos/laiadiaz/Practica7IPS/{archive_format}{/ref}"
                    },
                    {
                      "k": "archived",
                      "v": false
                    },
                    {
                      "k": "assignees_url",
                      "v": "https://api.github.com/repos/laiadiaz/Practica7IPS/assignees{/user}"
                    },
                    {
                      "k": "blobs_url",
                      "v": "https://api.github.com/repos/laiadiaz/Practica7IPS/git/blobs{/sha}"
                    },
                    {
                      "k": "branches_url",
                      "v": "https://api.github.com/repos/laiadiaz/Practica7IPS/branches{/branch}"
                    },
                    {
                      "k": "clone_url",
                      "v": "https://github.com/laiadiaz/Practica7IPS.git"
                    },
                    {
                      "k": "collaborators_url",
                      "v": "https://api.github.com/repos/laiadiaz/Practica7IPS/collaborators{/collaborator}"
                    },
                    {
                      "k": "comments_url",
                      "v": "https://api.github.com/repos/laiadiaz/Practica7IPS/comments{/number}"
                    },
                    {
                      "k": "commits_url",
                      "v": "https://api.github.com/repos/laiadiaz/Practica7IPS/commits{/sha}"
                    },
                    {
                      "k": "compare_url",
                      "v": "https://api.github.com/repos/laiadiaz/Practica7IPS/compare/{base}...{head}"
                    },
                    {
                      "k": "contents_url",
                      "v": "https://api.github.com/repos/laiadiaz/Practica7IPS/contents/{+path}"
                    },
                    {
                      "k": "contributors_url",
                      "v": "https://api.github.com/repos/laiadiaz/Practica7IPS/contributors"
                    },
                    {
                      "k": "created_at",
                      "v": 1778621824.0
                    },
                    {
                      "k": "default_branch",
                      "v": "main"
                    },
                    {
                      "k": "deployments_url",
                      "v": "https://api.github.com/repos/laiadiaz/Practica7IPS/deployments"
                    },
                    {
                      "k": "description",
                      "v": null
                    },
                    {
                      "k": "disabled",
                      "v": false
                    },
                    {
                      "k": "downloads_url",
                      "v": "https://api.github.com/repos/laiadiaz/Practica7IPS/downloads"
                    },
                    {
                      "k": "events_url",
                      "v": "https://api.github.com/repos/laiadiaz/Practica7IPS/events"
                    },
                    {
                      "k": "fork",
                      "v": false
                    },
                    {
                      "k": "forks",
                      "v": 0.0
                    },
                    {
                      "k": "forks_count",
                      "v": 0.0
                    },
                    {
                      "k": "forks_url",
                      "v": "https://api.github.com/repos/laiadiaz/Practica7IPS/forks"
                    },
                    {
                      "k": "full_name",
                      "v": "laiadiaz/Practica7IPS"
                    },
                    {
                      "k": "git_commits_url",
                      "v": "https://api.github.com/repos/laiadiaz/Practica7IPS/git/commits{/sha}"
                    },
                    {
                      "k": "git_refs_url",
                      "v": "https://api.github.com/repos/laiadiaz/Practica7IPS/git/refs{/sha}"
                    },
                    {
                      "k": "git_tags_url",
                      "v": "https://api.github.com/repos/laiadiaz/Practica7IPS/git/tags{/sha}"
                    },
                    {
                      "k": "git_url",
                      "v": "git://github.com/laiadiaz/Practica7IPS.git"
                    },
                    {
                      "k": "has_discussions",
                      "v": false
                    },
                    {
                      "k": "has_downloads",
                      "v": true
                    },
                    {
                      "k": "has_issues",
                      "v": true
                    },
                    {
                      "k": "has_pages",
                      "v": false
                    },
                    {
                      "k": "has_projects",
                      "v": true
                    },
                    {
                      "k": "has_pull_requests",
                      "v": true
                    },
                    {
                      "k": "has_wiki",
                      "v": true
                    },
                    {
                      "k": "homepage",
                      "v": null
                    },
                    {
                      "k": "hooks_url",
                      "v": "https://api.github.com/repos/laiadiaz/Practica7IPS/hooks"
                    },
                    {
                      "k": "html_url",
                      "v": "https://github.com/laiadiaz/Practica7IPS"
                    },
                    {
                      "k": "id",
                      "v": 1237089708.0
                    },
                    {
                      "k": "is_template",
                      "v": false
                    },
                    {
                      "k": "issue_comment_url",
                      "v": "https://api.github.com/repos/laiadiaz/Practica7IPS/issues/comments{/number}"
                    },
                    {
                      "k": "issue_events_url",
                      "v": "https://api.github.com/repos/laiadiaz/Practica7IPS/issues/events{/number}"
                    },
                    {
                      "k": "issues_url",
                      "v": "https://api.github.com/repos/laiadiaz/Practica7IPS/issues{/number}"
                    },
                    {
                      "k": "keys_url",
                      "v": "https://api.github.com/repos/laiadiaz/Practica7IPS/keys{/key_id}"
                    },
                    {
                      "k": "labels_url",
                      "v": "https://api.github.com/repos/laiadiaz/Practica7IPS/labels{/name}"
                    },
                    {
                      "k": "language",
                      "v": "Java"
                    },
                    {
                      "k": "languages_url",
                      "v": "https://api.github.com/repos/laiadiaz/Practica7IPS/languages"
                    },
                    {
                      "k": "license",
                      "v": null
                    },
                    {
                      "k": "master_branch",
                      "v": "main"
                    },
                    {
                      "k": "merges_url",
                      "v": "https://api.github.com/repos/laiadiaz/Practica7IPS/merges"
                    },
                    {
                      "k": "milestones_url",
                      "v": "https://api.github.com/repos/laiadiaz/Practica7IPS/milestones{/number}"
                    },
                    {
                      "k": "mirror_url",
                      "v": null
                    },
                    {
                      "k": "name",
                      "v": "Practica7IPS"
                    },
                    {
                      "k": "node_id",
                      "v": "R_kgDOSbx9rA"
                    },
                    {
                      "k": "notifications_url",
                      "v": "https://api.github.com/repos/laiadiaz/Practica7IPS/notifications{?since,all,participating}"
                    },
                    {
                      "k": "open_issues",
                      "v": 0.0
                    },
                    {
                      "k": "open_issues_count",
                      "v": 0.0
                    },
                    {
                      "k": "owner",
                      "v": {
                        "t": 2,
                        "d": [
                          {
                            "k": "avatar_url",
                            "v": "https://avatars.githubusercontent.com/u/148168212?v=4"
                          },
                          {
                            "k": "email",
                            "v": "148168212+laiadiaz@users.noreply.github.com"
                          },
                          {
                            "k": "events_url",
                            "v": "https://api.github.com/users/laiadiaz/events{/privacy}"
                          },
                          {
                            "k": "followers_url",
                            "v": "https://api.github.com/users/laiadiaz/followers"
                          },
                          {
                            "k": "following_url",
                            "v": "https://api.github.com/users/laiadiaz/following{/other_user}"
                          },
                          {
                            "k": "gists_url",
                            "v": "https://api.github.com/users/laiadiaz/gists{/gist_id}"
                          },
                          {
                            "k": "gravatar_id",
                            "v": ""
                          },
                          {
                            "k": "html_url",
                            "v": "https://github.com/laiadiaz"
                          },
                          {
                            "k": "id",
                            "v": 148168212.0
                          },
                          {
                            "k": "login",
                            "v": "laiadiaz"
                          },
                          {
                            "k": "name",
                            "v": "laiadiaz"
                          },
                          {
                            "k": "node_id",
                            "v": "U_kgDOCNTeFA"
                          },
                          {
                            "k": "organizations_url",
                            "v": "https://api.github.com/users/laiadiaz/orgs"
                          },
                          {
                            "k": "received_events_url",
                            "v": "https://api.github.com/users/laiadiaz/received_events"
                          },
                          {
                            "k": "repos_url",
                            "v": "https://api.github.com/users/laiadiaz/repos"
                          },
                          {
                            "k": "site_admin",
                            "v": false
                          },
                          {
                            "k": "starred_url",
                            "v": "https://api.github.com/users/laiadiaz/starred{/owner}{/repo}"
                          },
                          {
                            "k": "subscriptions_url",
                            "v": "https://api.github.com/users/laiadiaz/subscriptions"
                          },
                          {
                            "k": "type",
                            "v": "User"
                          },
                          {
                            "k": "url",
                            "v": "https://api.github.com/users/laiadiaz"
                          },
                          {
                            "k": "user_view_type",
                            "v": "public"
                          }
                        ]
                      }
                    },
                    {
                      "k": "private",
                      "v": false
                    },
                    {
                      "k": "pull_request_creation_policy",
                      "v": "all"
                    },
                    {
                      "k": "pulls_url",
                      "v": "https://api.github.com/repos/laiadiaz/Practica7IPS/pulls{/number}"
                    },
                    {
                      "k": "pushed_at",
                      "v": 1778641008.0
                    },
                    {
                      "k": "releases_url",
                      "v": "https://api.github.com/repos/laiadiaz/Practica7IPS/releases{/id}"
                    },
                    {
                      "k": "size",
                      "v": 43.0
                    },
                    {
                      "k": "ssh_url",
                      "v": "git@github.com:laiadiaz/Practica7IPS.git"
                    },
                    {
                      "k": "stargazers",
                      "v": 0.0
                    },
                    {
                      "k": "stargazers_count",
                      "v": 0.0
                    },
                    {
                      "k": "stargazers_url",
                      "v": "https://api.github.com/repos/laiadiaz/Practica7IPS/stargazers"
                    },
                    {
                      "k": "statuses_url",
                      "v": "https://api.github.com/repos/laiadiaz/Practica7IPS/statuses/{sha}"
                    },
                    {
                      "k": "subscribers_url",
                      "v": "https://api.github.com/repos/laiadiaz/Practica7IPS/subscribers"
                    },
                    {
                      "k": "subscription_url",
                      "v": "https://api.github.com/repos/laiadiaz/Practica7IPS/subscription"
                    },
                    {
                      "k": "svn_url",
                      "v": "https://github.com/laiadiaz/Practica7IPS"
                    },
                    {
                      "k": "tags_url",
                      "v": "https://api.github.com/repos/laiadiaz/Practica7IPS/tags"
                    },
                    {
                      "k": "teams_url",
                      "v": "https://api.github.com/repos/laiadiaz/Practica7IPS/teams"
                    },
                    {
                      "k": "topics",
                      "v": {
                        "t": 1
                      }
                    },
                    {
                      "k": "trees_url",
                      "v": "https://api.github.com/repos/laiadiaz/Practica7IPS/git/trees{/sha}"
                    },
                    {
                      "k": "updated_at",
                      "v": "2026-05-13T02:44:42Z"
                    },
                    {
                      "k": "url",
                      "v": "https://api.github.com/repos/laiadiaz/Practica7IPS"
                    },
                    {
                      "k": "visibility",
                      "v": "public"
                    },
                    {
                      "k": "watchers",
                      "v": 0.0
                    },
                    {
                      "k": "watchers_count",
                      "v": 0.0
                    },
                    {
                      "k": "web_commit_signoff_required",
                      "v": false
                    }
                  ]
                }
              },
              {
                "k": "sender",
                "v": {
                  "t": 2,
                  "d": [
                    {
                      "k": "avatar_url",
                      "v": "https://avatars.githubusercontent.com/u/148168212?v=4"
                    },
                    {
                      "k": "events_url",
                      "v": "https://api.github.com/users/laiadiaz/events{/privacy}"
                    },
                    {
                      "k": "followers_url",
                      "v": "https://api.github.com/users/laiadiaz/followers"
                    },
                    {
                      "k": "following_url",
                      "v": "https://api.github.com/users/laiadiaz/following{/other_user}"
                    },
                    {
                      "k": "gists_url",
                      "v": "https://api.github.com/users/laiadiaz/gists{/gist_id}"
                    },
                    {
                      "k": "gravatar_id",
                      "v": ""
                    },
                    {
                      "k": "html_url",
                      "v": "https://github.com/laiadiaz"
                    },
                    {
                      "k": "id",
                      "v": 148168212.0
                    },
                    {
                      "k": "login",
                      "v": "laiadiaz"
                    },
                    {
                      "k": "node_id",
                      "v": "U_kgDOCNTeFA"
                    },
                    {
                      "k": "organizations_url",
                      "v": "https://api.github.com/users/laiadiaz/orgs"
                    },
                    {
                      "k": "received_events_url",
                      "v": "https://api.github.com/users/laiadiaz/received_events"
                    },
                    {
                      "k": "repos_url",
                      "v": "https://api.github.com/users/laiadiaz/repos"
                    },
                    {
                      "k": "site_admin",
                      "v": false
                    },
                    {
                      "k": "starred_url",
                      "v": "https://api.github.com/users/laiadiaz/starred{/owner}{/repo}"
                    },
                    {
                      "k": "subscriptions_url",
                      "v": "https://api.github.com/users/laiadiaz/subscriptions"
                    },
                    {
                      "k": "type",
                      "v": "User"
                    },
                    {
                      "k": "url",
                      "v": "https://api.github.com/users/laiadiaz"
                    },
                    {
                      "k": "user_view_type",
                      "v": "public"
                    }
                  ]
                }
              }
            ]
          }
        },
        {
          "k": "workflow_ref",
          "v": "laiadiaz/Practica7IPS/.github/workflows/main.yml@refs/heads/main"
        },
        {
          "k": "workflow_sha",
          "v": "92f489609220df70079009b49f9260348bad7662"
        },
        {
          "k": "repository_id",
          "v": "1237089708"
        },
        {
          "k": "triggering_actor",
          "v": "laiadiaz"
        }
      ]
    },
    "inputs": {
      "t": 2
    },
    "job": {
      "t": 2,
      "d": [
        {
          "k": "check_run_id",
          "v": 75706941366.0
        },
        {
          "k": "workflow_ref",
          "v": "laiadiaz/Practica7IPS/.github/workflows/main.yml@refs/heads/main"
        },
        {
          "k": "workflow_sha",
          "v": "92f489609220df70079009b49f9260348bad7662"
        },
        {
          "k": "workflow_repository",
          "v": "laiadiaz/Practica7IPS"
        },
        {
          "k": "workflow_file_path",
          "v": ".github/workflows/main.yml"
        }
      ]
    },
    "matrix": null,
    "needs": {
      "t": 2
    },
    "strategy": {
      "t": 2,
      "d": [
        {
          "k": "fail-fast",
          "v": true
        },
        {
          "k": "job-index",
          "v": 0.0
        },
        {
          "k": "job-total",
          "v": 1.0
        },
        {
          "k": "max-parallel",
          "v": 1.0
        }
      ]
    },
    "vars": {
      "t": 2
    }
  },
  "billingOwnerId": "U_kgDOCNTeFA"
}
[2026-05-13 03:04:57Z INFO JobRunner] Job ID 76160779-0f8b-5559-bca4-dc7238be1c0a
[2026-05-13 03:04:57Z INFO ConfigurationStore] currentAssemblyLocation: C:\Users\usuario\Downloads\Practica6Alumnos\Practica6Alumnos\actions-runner\bin\Runner.Worker.dll
[2026-05-13 03:04:57Z INFO HostContext] Well known directory 'Bin': 'C:\Users\usuario\Downloads\Practica6Alumnos\Practica6Alumnos\actions-runner\bin'
[2026-05-13 03:04:57Z INFO ConfigurationStore] binPath: C:\Users\usuario\Downloads\Practica6Alumnos\Practica6Alumnos\actions-runner\bin
[2026-05-13 03:04:57Z INFO HostContext] Well known directory 'Bin': 'C:\Users\usuario\Downloads\Practica6Alumnos\Practica6Alumnos\actions-runner\bin'
[2026-05-13 03:04:57Z INFO HostContext] Well known directory 'Root': 'C:\Users\usuario\Downloads\Practica6Alumnos\Practica6Alumnos\actions-runner'
[2026-05-13 03:04:57Z INFO ConfigurationStore] RootFolder: C:\Users\usuario\Downloads\Practica6Alumnos\Practica6Alumnos\actions-runner
[2026-05-13 03:04:57Z INFO HostContext] Well known directory 'Bin': 'C:\Users\usuario\Downloads\Practica6Alumnos\Practica6Alumnos\actions-runner\bin'
[2026-05-13 03:04:57Z INFO HostContext] Well known directory 'Root': 'C:\Users\usuario\Downloads\Practica6Alumnos\Practica6Alumnos\actions-runner'
[2026-05-13 03:04:57Z INFO HostContext] Well known config file 'Runner': 'C:\Users\usuario\Downloads\Practica6Alumnos\Practica6Alumnos\actions-runner\.runner'
[2026-05-13 03:04:57Z INFO ConfigurationStore] ConfigFilePath: C:\Users\usuario\Downloads\Practica6Alumnos\Practica6Alumnos\actions-runner\.runner
[2026-05-13 03:04:57Z INFO HostContext] Well known directory 'Bin': 'C:\Users\usuario\Downloads\Practica6Alumnos\Practica6Alumnos\actions-runner\bin'
[2026-05-13 03:04:57Z INFO HostContext] Well known directory 'Root': 'C:\Users\usuario\Downloads\Practica6Alumnos\Practica6Alumnos\actions-runner'
[2026-05-13 03:04:57Z INFO HostContext] Well known config file 'MigratedRunner': 'C:\Users\usuario\Downloads\Practica6Alumnos\Practica6Alumnos\actions-runner\.runner_migrated'
[2026-05-13 03:04:57Z INFO ConfigurationStore] MigratedConfigFilePath: C:\Users\usuario\Downloads\Practica6Alumnos\Practica6Alumnos\actions-runner\.runner_migrated
[2026-05-13 03:04:57Z INFO HostContext] Well known directory 'Bin': 'C:\Users\usuario\Downloads\Practica6Alumnos\Practica6Alumnos\actions-runner\bin'
[2026-05-13 03:04:57Z INFO HostContext] Well known directory 'Root': 'C:\Users\usuario\Downloads\Practica6Alumnos\Practica6Alumnos\actions-runner'
[2026-05-13 03:04:57Z INFO HostContext] Well known config file 'Credentials': 'C:\Users\usuario\Downloads\Practica6Alumnos\Practica6Alumnos\actions-runner\.credentials'
[2026-05-13 03:04:57Z INFO ConfigurationStore] CredFilePath: C:\Users\usuario\Downloads\Practica6Alumnos\Practica6Alumnos\actions-runner\.credentials
[2026-05-13 03:04:57Z INFO HostContext] Well known directory 'Bin': 'C:\Users\usuario\Downloads\Practica6Alumnos\Practica6Alumnos\actions-runner\bin'
[2026-05-13 03:04:57Z INFO HostContext] Well known directory 'Root': 'C:\Users\usuario\Downloads\Practica6Alumnos\Practica6Alumnos\actions-runner'
[2026-05-13 03:04:57Z INFO HostContext] Well known config file 'MigratedCredentials': 'C:\Users\usuario\Downloads\Practica6Alumnos\Practica6Alumnos\actions-runner\.credentials_migrated'
[2026-05-13 03:04:57Z INFO ConfigurationStore] MigratedCredFilePath: C:\Users\usuario\Downloads\Practica6Alumnos\Practica6Alumnos\actions-runner\.credentials_migrated
[2026-05-13 03:04:57Z INFO HostContext] Well known directory 'Bin': 'C:\Users\usuario\Downloads\Practica6Alumnos\Practica6Alumnos\actions-runner\bin'
[2026-05-13 03:04:57Z INFO HostContext] Well known directory 'Root': 'C:\Users\usuario\Downloads\Practica6Alumnos\Practica6Alumnos\actions-runner'
[2026-05-13 03:04:57Z INFO HostContext] Well known config file 'Service': 'C:\Users\usuario\Downloads\Practica6Alumnos\Practica6Alumnos\actions-runner\.service'
[2026-05-13 03:04:57Z INFO ConfigurationStore] ServiceConfigFilePath: C:\Users\usuario\Downloads\Practica6Alumnos\Practica6Alumnos\actions-runner\.service
[2026-05-13 03:04:57Z INFO ConfigurationStore] Read setting file: 400 chars
[2026-05-13 03:04:57Z INFO JobRunner] Initializing launch client
[2026-05-13 03:04:57Z INFO JobServerQueue] Initializing results client
[2026-05-13 03:04:57Z INFO ResultServer] Creating websocket client ...wss://results-receiver.actions.githubusercontent.com/_ws/ingest.sock
[2026-05-13 03:04:57Z INFO ResultServer] Attempting to start websocket client with delay 00:00:00.
[2026-05-13 03:04:57Z INFO JobServerQueue] Start process web console line queue.
[2026-05-13 03:04:57Z INFO JobServerQueue] Start process file upload queue.
[2026-05-13 03:04:57Z INFO JobServerQueue] Start results file upload queue.
[2026-05-13 03:04:57Z INFO JobServerQueue] Starting results-based upload queue...
[2026-05-13 03:04:57Z INFO JobServerQueue] Start process timeline update queue.
[2026-05-13 03:04:57Z INFO ExecutionContext] Initializing Job context
[2026-05-13 03:04:57Z INFO ExecutionContext] Initialize GitHub context
[2026-05-13 03:04:57Z INFO ExecutionContext] Initialize Env context
[2026-05-13 03:04:57Z INFO HostContext] Well known directory 'Bin': 'C:\Users\usuario\Downloads\Practica6Alumnos\Practica6Alumnos\actions-runner\bin'
[2026-05-13 03:04:57Z INFO HostContext] Well known directory 'Root': 'C:\Users\usuario\Downloads\Practica6Alumnos\Practica6Alumnos\actions-runner'
[2026-05-13 03:04:57Z INFO HostContext] Well known directory 'Diag': 'C:\Users\usuario\Downloads\Practica6Alumnos\Practica6Alumnos\actions-runner\_diag'
[2026-05-13 03:04:57Z INFO HostContext] Well known directory 'Bin': 'C:\Users\usuario\Downloads\Practica6Alumnos\Practica6Alumnos\actions-runner\bin'
[2026-05-13 03:04:57Z INFO HostContext] Well known directory 'Root': 'C:\Users\usuario\Downloads\Practica6Alumnos\Practica6Alumnos\actions-runner'
[2026-05-13 03:04:57Z INFO HostContext] Well known directory 'Diag': 'C:\Users\usuario\Downloads\Practica6Alumnos\Practica6Alumnos\actions-runner\_diag'
[2026-05-13 03:04:57Z INFO JobRunner] Starting the job execution context.
[2026-05-13 03:04:57Z INFO HostContext] Well known directory 'Bin': 'C:\Users\usuario\Downloads\Practica6Alumnos\Practica6Alumnos\actions-runner\bin'
[2026-05-13 03:04:57Z INFO HostContext] Well known directory 'Root': 'C:\Users\usuario\Downloads\Practica6Alumnos\Practica6Alumnos\actions-runner'
[2026-05-13 03:04:57Z INFO HostContext] Well known directory 'Work': 'C:\Users\usuario\Downloads\Practica6Alumnos\Practica6Alumnos\actions-runner\_work'
[2026-05-13 03:04:57Z INFO JobRunner] Validating directory permissions for: 'C:\Users\usuario\Downloads\Practica6Alumnos\Practica6Alumnos\actions-runner\_work'
[2026-05-13 03:04:57Z INFO HostContext] Well known directory 'Bin': 'C:\Users\usuario\Downloads\Practica6Alumnos\Practica6Alumnos\actions-runner\bin'
[2026-05-13 03:04:57Z INFO HostContext] Well known directory 'Root': 'C:\Users\usuario\Downloads\Practica6Alumnos\Practica6Alumnos\actions-runner'
[2026-05-13 03:04:57Z INFO HostContext] Well known directory 'Work': 'C:\Users\usuario\Downloads\Practica6Alumnos\Practica6Alumnos\actions-runner\_work'
[2026-05-13 03:04:57Z INFO HostContext] Well known directory 'Tools': 'C:\Users\usuario\Downloads\Practica6Alumnos\Practica6Alumnos\actions-runner\_work\_tool'
[2026-05-13 03:04:57Z INFO HostContext] Well known directory 'Bin': 'C:\Users\usuario\Downloads\Practica6Alumnos\Practica6Alumnos\actions-runner\bin'
[2026-05-13 03:04:57Z INFO HostContext] Well known directory 'Root': 'C:\Users\usuario\Downloads\Practica6Alumnos\Practica6Alumnos\actions-runner'
[2026-05-13 03:04:57Z INFO HostContext] Well known directory 'Work': 'C:\Users\usuario\Downloads\Practica6Alumnos\Practica6Alumnos\actions-runner\_work'
[2026-05-13 03:04:57Z INFO HostContext] Well known directory 'Temp': 'C:\Users\usuario\Downloads\Practica6Alumnos\Practica6Alumnos\actions-runner\_work\_temp'
[2026-05-13 03:04:57Z INFO JobRunner] Getting job extension.
[2026-05-13 03:04:57Z INFO JobRunner] Initialize job. Getting all job steps.
[2026-05-13 03:04:57Z INFO HostContext] Well known directory 'Bin': 'C:\Users\usuario\Downloads\Practica6Alumnos\Practica6Alumnos\actions-runner\bin'
[2026-05-13 03:04:57Z INFO HostContext] Well known directory 'Root': 'C:\Users\usuario\Downloads\Practica6Alumnos\Practica6Alumnos\actions-runner'
[2026-05-13 03:04:57Z INFO HostContext] Well known directory 'Diag': 'C:\Users\usuario\Downloads\Practica6Alumnos\Practica6Alumnos\actions-runner\_diag'
[2026-05-13 03:04:57Z INFO HostContext] Well known directory 'Bin': 'C:\Users\usuario\Downloads\Practica6Alumnos\Practica6Alumnos\actions-runner\bin'
[2026-05-13 03:04:57Z INFO HostContext] Well known directory 'Root': 'C:\Users\usuario\Downloads\Practica6Alumnos\Practica6Alumnos\actions-runner'
[2026-05-13 03:04:57Z INFO HostContext] Well known directory 'Diag': 'C:\Users\usuario\Downloads\Practica6Alumnos\Practica6Alumnos\actions-runner\_diag'
[2026-05-13 03:04:57Z INFO HostContext] Well known directory 'Bin': 'C:\Users\usuario\Downloads\Practica6Alumnos\Practica6Alumnos\actions-runner\bin'
[2026-05-13 03:04:57Z INFO HostContext] Well known directory 'Root': 'C:\Users\usuario\Downloads\Practica6Alumnos\Practica6Alumnos\actions-runner'
[2026-05-13 03:04:57Z INFO HostContext] Well known config file 'Credentials': 'C:\Users\usuario\Downloads\Practica6Alumnos\Practica6Alumnos\actions-runner\.credentials'
[2026-05-13 03:04:57Z INFO HostContext] Well known directory 'Bin': 'C:\Users\usuario\Downloads\Practica6Alumnos\Practica6Alumnos\actions-runner\bin'
[2026-05-13 03:04:57Z INFO HostContext] Well known directory 'Root': 'C:\Users\usuario\Downloads\Practica6Alumnos\Practica6Alumnos\actions-runner'
[2026-05-13 03:04:57Z INFO HostContext] Well known config file 'SetupInfo': 'C:\Users\usuario\Downloads\Practica6Alumnos\Practica6Alumnos\actions-runner\.setup_info'
[2026-05-13 03:04:57Z INFO HostContext] Well known directory 'Bin': 'C:\Users\usuario\Downloads\Practica6Alumnos\Practica6Alumnos\actions-runner\bin'
[2026-05-13 03:04:57Z INFO HostContext] Well known directory 'Root': 'C:\Users\usuario\Downloads\Practica6Alumnos\Practica6Alumnos\actions-runner'
[2026-05-13 03:04:57Z INFO HostContext] Well known directory 'Work': 'C:\Users\usuario\Downloads\Practica6Alumnos\Practica6Alumnos\actions-runner\_work'
[2026-05-13 03:04:57Z INFO PipelineDirectoryManager] Loading tracking config if exists: C:\Users\usuario\Downloads\Practica6Alumnos\Practica6Alumnos\actions-runner\_work\_PipelineMapping\laiadiaz/Practica7IPS\PipelineFolder.json
[2026-05-13 03:04:57Z INFO PipelineDirectoryManager] Updating job run properties.
[2026-05-13 03:04:57Z INFO HostContext] Well known directory 'Bin': 'C:\Users\usuario\Downloads\Practica6Alumnos\Practica6Alumnos\actions-runner\bin'
[2026-05-13 03:04:57Z INFO HostContext] Well known directory 'Root': 'C:\Users\usuario\Downloads\Practica6Alumnos\Practica6Alumnos\actions-runner'
[2026-05-13 03:04:57Z INFO HostContext] Well known directory 'Work': 'C:\Users\usuario\Downloads\Practica6Alumnos\Practica6Alumnos\actions-runner\_work'
[2026-05-13 03:04:57Z INFO HostContext] Well known directory 'Bin': 'C:\Users\usuario\Downloads\Practica6Alumnos\Practica6Alumnos\actions-runner\bin'
[2026-05-13 03:04:57Z INFO HostContext] Well known directory 'Root': 'C:\Users\usuario\Downloads\Practica6Alumnos\Practica6Alumnos\actions-runner'
[2026-05-13 03:04:57Z INFO HostContext] Well known directory 'Work': 'C:\Users\usuario\Downloads\Practica6Alumnos\Practica6Alumnos\actions-runner\_work'
[2026-05-13 03:04:57Z INFO HostContext] Well known directory 'Bin': 'C:\Users\usuario\Downloads\Practica6Alumnos\Practica6Alumnos\actions-runner\bin'
[2026-05-13 03:04:57Z INFO HostContext] Well known directory 'Root': 'C:\Users\usuario\Downloads\Practica6Alumnos\Practica6Alumnos\actions-runner'
[2026-05-13 03:04:57Z INFO HostContext] Well known directory 'Work': 'C:\Users\usuario\Downloads\Practica6Alumnos\Practica6Alumnos\actions-runner\_work'
[2026-05-13 03:04:57Z INFO JobExtension] Downloading actions
[2026-05-13 03:04:57Z INFO HostContext] Well known directory 'Bin': 'C:\Users\usuario\Downloads\Practica6Alumnos\Practica6Alumnos\actions-runner\bin'
[2026-05-13 03:04:57Z INFO HostContext] Well known directory 'Root': 'C:\Users\usuario\Downloads\Practica6Alumnos\Practica6Alumnos\actions-runner'
[2026-05-13 03:04:57Z INFO HostContext] Well known directory 'Work': 'C:\Users\usuario\Downloads\Practica6Alumnos\Practica6Alumnos\actions-runner\_work'
[2026-05-13 03:04:57Z INFO HostContext] Well known directory 'Actions': 'C:\Users\usuario\Downloads\Practica6Alumnos\Practica6Alumnos\actions-runner\_work\_actions'
[2026-05-13 03:04:57Z INFO JobExtension] Adding .
[2026-05-13 03:04:57Z INFO HostContext] Well known directory 'Bin': 'C:\Users\usuario\Downloads\Practica6Alumnos\Practica6Alumnos\actions-runner\bin'
[2026-05-13 03:04:57Z INFO HostContext] Well known directory 'Root': 'C:\Users\usuario\Downloads\Practica6Alumnos\Practica6Alumnos\actions-runner'
[2026-05-13 03:04:57Z INFO HostContext] Well known directory 'Diag': 'C:\Users\usuario\Downloads\Practica6Alumnos\Practica6Alumnos\actions-runner\_diag'
[2026-05-13 03:04:57Z INFO HostContext] Well known directory 'Bin': 'C:\Users\usuario\Downloads\Practica6Alumnos\Practica6Alumnos\actions-runner\bin'
[2026-05-13 03:04:57Z INFO HostContext] Well known directory 'Root': 'C:\Users\usuario\Downloads\Practica6Alumnos\Practica6Alumnos\actions-runner'
[2026-05-13 03:04:57Z INFO HostContext] Well known directory 'Diag': 'C:\Users\usuario\Downloads\Practica6Alumnos\Practica6Alumnos\actions-runner\_diag'
[2026-05-13 03:04:57Z INFO JobExtension] Total accessible running process: 331.
[2026-05-13 03:04:57Z INFO HostContext] Well known directory 'Bin': 'C:\Users\usuario\Downloads\Practica6Alumnos\Practica6Alumnos\actions-runner\bin'
[2026-05-13 03:04:57Z INFO HostContext] Well known directory 'Root': 'C:\Users\usuario\Downloads\Practica6Alumnos\Practica6Alumnos\actions-runner'
[2026-05-13 03:04:57Z INFO HostContext] Well known directory 'Work': 'C:\Users\usuario\Downloads\Practica6Alumnos\Practica6Alumnos\actions-runner\_work'
[2026-05-13 03:04:57Z INFO JobExtension] Start checking server connectivity.
[2026-05-13 03:04:57Z INFO JobExtension] Check server connectivity for https://broker.actions.githubusercontent.com/health.
[2026-05-13 03:04:57Z INFO JobExtension] Check server connectivity for https://token.actions.githubusercontent.com/ready.
[2026-05-13 03:04:57Z INFO JobExtension] Check server connectivity for https://run.actions.githubusercontent.com/health.
[2026-05-13 03:04:57Z INFO JobExtension] Start checking service connectivity in background.
[2026-05-13 03:04:57Z INFO ExecutionContext] Publish step telemetry for current step {
  "action": "setup_job",
  "type": "runner",
  "stage": "Pre",
  "stepId": "bfa45b02-ca85-46a4-be35-ecaffbc884ca",
  "result": "succeeded",
  "errorMessages": [],
  "executionTimeInSeconds": 1,
  "startTime": "2026-05-13T03:04:57.2550635Z",
  "finishTime": "2026-05-13T03:04:57.3950543Z"
}.
[2026-05-13 03:04:57Z INFO JobRunner] Total job steps: 1.
[2026-05-13 03:04:57Z INFO JobRunner] Run all job steps.
[2026-05-13 03:04:57Z INFO DapDebugger] DapDebugger initialized
[2026-05-13 03:04:57Z INFO StepsRunner] Processing step: DisplayName='Hola'
[2026-05-13 03:04:57Z INFO StepsRunner] Evaluating: success()
[2026-05-13 03:04:57Z INFO StepsRunner] Result: true
[2026-05-13 03:04:57Z INFO StepsRunner] Starting the step.
[2026-05-13 03:04:57Z INFO HostContext] Well known directory 'Bin': 'C:\Users\usuario\Downloads\Practica6Alumnos\Practica6Alumnos\actions-runner\bin'
[2026-05-13 03:04:57Z INFO HostContext] Well known directory 'Root': 'C:\Users\usuario\Downloads\Practica6Alumnos\Practica6Alumnos\actions-runner'
[2026-05-13 03:04:57Z INFO HostContext] Well known directory 'Work': 'C:\Users\usuario\Downloads\Practica6Alumnos\Practica6Alumnos\actions-runner\_work'
[2026-05-13 03:04:57Z INFO StepsRunner] Which2: 'chcp'
[2026-05-13 03:04:57Z INFO StepsRunner] Location: 'C:\WINDOWS\system32\chcp.COM'
[2026-05-13 03:04:57Z INFO ProcessInvokerWrapper] Starting process:
[2026-05-13 03:04:57Z INFO ProcessInvokerWrapper]   File name: 'C:\WINDOWS\system32\chcp.COM'
[2026-05-13 03:04:57Z INFO ProcessInvokerWrapper]   Arguments: '65001'
[2026-05-13 03:04:57Z INFO ProcessInvokerWrapper]   Working directory: 'C:\Users\usuario\Downloads\Practica6Alumnos\Practica6Alumnos\actions-runner\_work'
[2026-05-13 03:04:57Z INFO ProcessInvokerWrapper]   Require exit code zero: 'False'
[2026-05-13 03:04:57Z INFO ProcessInvokerWrapper]   Encoding web name:  ; code page: ''
[2026-05-13 03:04:57Z INFO ProcessInvokerWrapper]   Force kill process on cancellation: 'False'
[2026-05-13 03:04:57Z INFO ProcessInvokerWrapper]   Redirected STDIN: 'False'
[2026-05-13 03:04:57Z INFO ProcessInvokerWrapper]   Persist current code page: 'True'
[2026-05-13 03:04:57Z INFO ProcessInvokerWrapper]   Keep redirected STDIN open: 'False'
[2026-05-13 03:04:57Z INFO ProcessInvokerWrapper]   High priority process: 'False'
[2026-05-13 03:04:57Z INFO ProcessInvokerWrapper] Process started with process id 8788, waiting for process exit.
[2026-05-13 03:04:57Z INFO Worker] Listening for cancel message from the channel.
[2026-05-13 03:04:57Z INFO Worker] Waiting for the job to complete or for a cancel message from the channel.
[2026-05-13 03:04:57Z INFO ProcessInvokerWrapper] STDOUT/STDERR stream read finished.
[2026-05-13 03:04:57Z INFO ProcessInvokerWrapper] STDOUT/STDERR stream read finished.
[2026-05-13 03:04:57Z INFO ProcessInvokerWrapper] Finished process 8788 with exit code 0, and elapsed time 00:00:00.0176392.
[2026-05-13 03:04:57Z INFO StepsRunner] Successfully returned to code page 65001 (UTF8)
[2026-05-13 03:04:57Z INFO HostContext] Well known directory 'Bin': 'C:\Users\usuario\Downloads\Practica6Alumnos\Practica6Alumnos\actions-runner\bin'
[2026-05-13 03:04:57Z INFO HostContext] Well known directory 'Root': 'C:\Users\usuario\Downloads\Practica6Alumnos\Practica6Alumnos\actions-runner'
[2026-05-13 03:04:57Z INFO HostContext] Well known directory 'Work': 'C:\Users\usuario\Downloads\Practica6Alumnos\Practica6Alumnos\actions-runner\_work'
[2026-05-13 03:04:57Z INFO HostContext] Well known directory 'Temp': 'C:\Users\usuario\Downloads\Practica6Alumnos\Practica6Alumnos\actions-runner\_work\_temp'
[2026-05-13 03:04:57Z INFO ExecutionContext] Write event payload to C:\Users\usuario\Downloads\Practica6Alumnos\Practica6Alumnos\actions-runner\_work\_temp\_github_workflow\event.json
[2026-05-13 03:04:57Z INFO HostContext] Well known directory 'Bin': 'C:\Users\usuario\Downloads\Practica6Alumnos\Practica6Alumnos\actions-runner\bin'
[2026-05-13 03:04:57Z INFO HostContext] Well known directory 'Root': 'C:\Users\usuario\Downloads\Practica6Alumnos\Practica6Alumnos\actions-runner'
[2026-05-13 03:04:57Z INFO HostContext] Well known directory 'Work': 'C:\Users\usuario\Downloads\Practica6Alumnos\Practica6Alumnos\actions-runner\_work'
[2026-05-13 03:04:57Z INFO HostContext] Well known directory 'Temp': 'C:\Users\usuario\Downloads\Practica6Alumnos\Practica6Alumnos\actions-runner\_work\_temp'
[2026-05-13 03:04:57Z INFO ExtensionManager] Getting extensions for interface: 'GitHub.Runner.Worker.IFileCommandExtension'
[2026-05-13 03:04:57Z INFO ExtensionManager] Creating instance: GitHub.Runner.Worker.AddPathFileCommand, Runner.Worker
[2026-05-13 03:04:57Z INFO ExtensionManager] Creating instance: GitHub.Runner.Worker.SetEnvFileCommand, Runner.Worker
[2026-05-13 03:04:57Z INFO ExtensionManager] Creating instance: GitHub.Runner.Worker.CreateStepSummaryCommand, Runner.Worker
[2026-05-13 03:04:57Z INFO ExtensionManager] Creating instance: GitHub.Runner.Worker.SaveStateFileCommand, Runner.Worker
[2026-05-13 03:04:57Z INFO ExtensionManager] Creating instance: GitHub.Runner.Worker.SetOutputFileCommand, Runner.Worker
[2026-05-13 03:04:57Z INFO ExtensionManager] Getting extensions for interface: 'GitHub.Runner.Worker.IActionCommandExtension'
[2026-05-13 03:04:57Z INFO ExtensionManager] Creating instance: GitHub.Runner.Worker.InternalPluginSetRepoPathCommandExtension, Runner.Worker
[2026-05-13 03:04:57Z INFO ExtensionManager] Creating instance: GitHub.Runner.Worker.SetEnvCommandExtension, Runner.Worker
[2026-05-13 03:04:57Z INFO ExtensionManager] Creating instance: GitHub.Runner.Worker.SetOutputCommandExtension, Runner.Worker
[2026-05-13 03:04:57Z INFO ExtensionManager] Creating instance: GitHub.Runner.Worker.SaveStateCommandExtension, Runner.Worker
[2026-05-13 03:04:57Z INFO ExtensionManager] Creating instance: GitHub.Runner.Worker.AddPathCommandExtension, Runner.Worker
[2026-05-13 03:04:57Z INFO ExtensionManager] Creating instance: GitHub.Runner.Worker.AddMaskCommandExtension, Runner.Worker
[2026-05-13 03:04:57Z INFO ExtensionManager] Creating instance: GitHub.Runner.Worker.AddMatcherCommandExtension, Runner.Worker
[2026-05-13 03:04:57Z INFO ExtensionManager] Creating instance: GitHub.Runner.Worker.RemoveMatcherCommandExtension, Runner.Worker
[2026-05-13 03:04:57Z INFO ExtensionManager] Creating instance: GitHub.Runner.Worker.WarningCommandExtension, Runner.Worker
[2026-05-13 03:04:57Z INFO ExtensionManager] Creating instance: GitHub.Runner.Worker.ErrorCommandExtension, Runner.Worker
[2026-05-13 03:04:57Z INFO ExtensionManager] Creating instance: GitHub.Runner.Worker.NoticeCommandExtension, Runner.Worker
[2026-05-13 03:04:57Z INFO ExtensionManager] Creating instance: GitHub.Runner.Worker.DebugCommandExtension, Runner.Worker
[2026-05-13 03:04:57Z INFO ExtensionManager] Creating instance: GitHub.Runner.Worker.GroupCommandExtension, Runner.Worker
[2026-05-13 03:04:57Z INFO ExtensionManager] Creating instance: GitHub.Runner.Worker.EndGroupCommandExtension, Runner.Worker
[2026-05-13 03:04:57Z INFO ExtensionManager] Creating instance: GitHub.Runner.Worker.EchoCommandExtension, Runner.Worker
[2026-05-13 03:04:57Z INFO ActionCommandManager] Register action command extension for command internal-set-repo-path
[2026-05-13 03:04:57Z INFO ActionCommandManager] Register action command extension for command set-env
[2026-05-13 03:04:57Z INFO ActionCommandManager] Register action command extension for command set-output
[2026-05-13 03:04:57Z INFO ActionCommandManager] Register action command extension for command save-state
[2026-05-13 03:04:57Z INFO ActionCommandManager] Register action command extension for command add-path
[2026-05-13 03:04:57Z INFO ActionCommandManager] Register action command extension for command add-mask
[2026-05-13 03:04:57Z INFO ActionCommandManager] Register action command extension for command add-matcher
[2026-05-13 03:04:57Z INFO ActionCommandManager] Register action command extension for command remove-matcher
[2026-05-13 03:04:57Z INFO ActionCommandManager] Register action command extension for command warning
[2026-05-13 03:04:57Z INFO ActionCommandManager] Register action command extension for command error
[2026-05-13 03:04:57Z INFO ActionCommandManager] Register action command extension for command notice
[2026-05-13 03:04:57Z INFO ActionCommandManager] Register action command extension for command debug
[2026-05-13 03:04:57Z INFO ActionCommandManager] Register action command extension for command group
[2026-05-13 03:04:57Z INFO ActionCommandManager] Register action command extension for command endgroup
[2026-05-13 03:04:57Z INFO ActionCommandManager] Register action command extension for command echo
[2026-05-13 03:04:57Z INFO ScriptHandler] Which2: 'pwsh'
[2026-05-13 03:04:57Z INFO ScriptHandler] pwsh: command not found. Make sure 'pwsh' is installed and its location included in the 'Path' environment variable.
[2026-05-13 03:04:57Z INFO ScriptHandler] Defaulting to powershell
[2026-05-13 03:04:57Z INFO ScriptHandler] Which2: 'powershell'
[2026-05-13 03:04:57Z INFO ScriptHandler] Location: 'C:\WINDOWS\System32\WindowsPowerShell\v1.0\powershell.EXE'
[2026-05-13 03:04:57Z INFO HostContext] Well known directory 'Bin': 'C:\Users\usuario\Downloads\Practica6Alumnos\Practica6Alumnos\actions-runner\bin'
[2026-05-13 03:04:57Z INFO HostContext] Well known directory 'Root': 'C:\Users\usuario\Downloads\Practica6Alumnos\Practica6Alumnos\actions-runner'
[2026-05-13 03:04:57Z INFO HostContext] Well known directory 'Work': 'C:\Users\usuario\Downloads\Practica6Alumnos\Practica6Alumnos\actions-runner\_work'
[2026-05-13 03:04:57Z INFO HostContext] Well known directory 'Temp': 'C:\Users\usuario\Downloads\Practica6Alumnos\Practica6Alumnos\actions-runner\_work\_temp'
[2026-05-13 03:04:57Z INFO ScriptHandler] Which2: 'pwsh'
[2026-05-13 03:04:57Z INFO ScriptHandler] pwsh: command not found. Make sure 'pwsh' is installed and its location included in the 'Path' environment variable.
[2026-05-13 03:04:57Z INFO ScriptHandler] Defaulting to powershell
[2026-05-13 03:04:57Z INFO ScriptHandler] Which2: 'powershell'
[2026-05-13 03:04:57Z INFO ScriptHandler] Location: 'C:\WINDOWS\System32\WindowsPowerShell\v1.0\powershell.EXE'
[2026-05-13 03:04:57Z INFO ProcessInvokerWrapper] Starting process:
[2026-05-13 03:04:57Z INFO ProcessInvokerWrapper]   File name: 'C:\WINDOWS\System32\WindowsPowerShell\v1.0\powershell.EXE'
[2026-05-13 03:04:57Z INFO ProcessInvokerWrapper]   Arguments: '-command ". 'C:\Users\usuario\Downloads\Practica6Alumnos\Practica6Alumnos\actions-runner\_work\_temp\339ecafa-1c8b-4933-bc62-e2645b7ca285.ps1'"'
[2026-05-13 03:04:57Z INFO ProcessInvokerWrapper]   Working directory: 'C:\Users\usuario\Downloads\Practica6Alumnos\Practica6Alumnos\actions-runner\_work\Practica7IPS\Practica7IPS'
[2026-05-13 03:04:57Z INFO ProcessInvokerWrapper]   Require exit code zero: 'False'
[2026-05-13 03:04:57Z INFO ProcessInvokerWrapper]   Encoding web name:  ; code page: ''
[2026-05-13 03:04:57Z INFO ProcessInvokerWrapper]   Force kill process on cancellation: 'False'
[2026-05-13 03:04:57Z INFO ProcessInvokerWrapper]   Redirected STDIN: 'False'
[2026-05-13 03:04:57Z INFO ProcessInvokerWrapper]   Persist current code page: 'True'
[2026-05-13 03:04:57Z INFO ProcessInvokerWrapper]   Keep redirected STDIN open: 'False'
[2026-05-13 03:04:57Z INFO ProcessInvokerWrapper]   High priority process: 'False'
[2026-05-13 03:04:57Z INFO ProcessInvokerWrapper] Process started with process id 22156, waiting for process exit.
[2026-05-13 03:04:57Z INFO ResultServer] Successfully started websocket client.
[2026-05-13 03:04:57Z INFO JobServerQueue] Try to append 1 batches web console lines for record 'bfa45b02-ca85-46a4-be35-ecaffbc884ca', success rate: 1/1.
[2026-05-13 03:04:57Z INFO ProcessInvokerWrapper] STDOUT/STDERR stream read finished.
[2026-05-13 03:04:57Z INFO ProcessInvokerWrapper] STDOUT/STDERR stream read finished.
[2026-05-13 03:04:57Z INFO JobServerQueue] Try to append 1 batches web console lines for record 'e92dfdbf-c347-4fd7-b345-d892920859ad', success rate: 1/1.
[2026-05-13 03:04:57Z INFO ProcessInvokerWrapper] Finished process 22156 with exit code 0, and elapsed time 00:00:00.3532977.
[2026-05-13 03:04:57Z INFO CreateStepSummaryCommand] Step Summary file (C:\Users\usuario\Downloads\Practica6Alumnos\Practica6Alumnos\actions-runner\_work\_temp\_runner_file_commands\step_summary_5c627882-5297-4846-a742-f9dd16ab51f9) is empty; skipping attachment upload
[2026-05-13 03:04:57Z INFO StepsRunner] Step result: 
[2026-05-13 03:04:57Z INFO ExecutionContext] Publish step telemetry for current step {
  "action": "powershell",
  "type": "run",
  "stage": "Main",
  "stepId": "e92dfdbf-c347-4fd7-b345-d892920859ad",
  "stepContextName": "__run",
  "result": "succeeded",
  "errorMessages": [],
  "executionTimeInSeconds": 1,
  "startTime": "2026-05-13T03:04:57.4131057Z",
  "finishTime": "2026-05-13T03:04:57.9046585Z"
}.
[2026-05-13 03:04:57Z INFO StepsRunner] No need for updating job result with current step result 'Succeeded'.
[2026-05-13 03:04:57Z INFO StepsRunner] Current state: job state = ''
[2026-05-13 03:04:57Z INFO JobRunner] Finalize job.
[2026-05-13 03:04:57Z INFO HostContext] Well known directory 'Bin': 'C:\Users\usuario\Downloads\Practica6Alumnos\Practica6Alumnos\actions-runner\bin'
[2026-05-13 03:04:57Z INFO HostContext] Well known directory 'Root': 'C:\Users\usuario\Downloads\Practica6Alumnos\Practica6Alumnos\actions-runner'
[2026-05-13 03:04:57Z INFO HostContext] Well known directory 'Diag': 'C:\Users\usuario\Downloads\Practica6Alumnos\Practica6Alumnos\actions-runner\_diag'
[2026-05-13 03:04:57Z INFO HostContext] Well known directory 'Bin': 'C:\Users\usuario\Downloads\Practica6Alumnos\Practica6Alumnos\actions-runner\bin'
[2026-05-13 03:04:57Z INFO HostContext] Well known directory 'Root': 'C:\Users\usuario\Downloads\Practica6Alumnos\Practica6Alumnos\actions-runner'
[2026-05-13 03:04:57Z INFO HostContext] Well known directory 'Diag': 'C:\Users\usuario\Downloads\Practica6Alumnos\Practica6Alumnos\actions-runner\_diag'
[2026-05-13 03:04:57Z INFO JobExtension] Initialize Env context
[2026-05-13 03:04:57Z INFO JobExtension] Initialize steps context
[2026-05-13 03:04:57Z INFO JobExtension] Total accessible running process: 331.
[2026-05-13 03:04:57Z INFO JobExtension] Wait for all connectivity checks to finish.
[2026-05-13 03:04:57Z INFO JobExtension] Connectivity check result: GitHub.Runner.Worker.JobExtension+CheckResult
[2026-05-13 03:04:57Z INFO JobExtension] Connectivity check result: GitHub.Runner.Worker.JobExtension+CheckResult
[2026-05-13 03:04:57Z INFO JobExtension] Connectivity check result: GitHub.Runner.Worker.JobExtension+CheckResult
[2026-05-13 03:04:57Z INFO ExecutionContext] Publish step telemetry for current step {
  "action": "complete_job",
  "type": "runner",
  "stage": "Post",
  "stepId": "1aa17175-4ab3-43ab-8a70-1640151bedc7",
  "result": "succeeded",
  "errorMessages": [],
  "executionTimeInSeconds": 1,
  "startTime": "2026-05-13T03:04:57.9123614Z",
  "finishTime": "2026-05-13T03:04:57.9297672Z"
}.
[2026-05-13 03:04:57Z INFO JobRunner] Job result after all job steps finish: Succeeded
[2026-05-13 03:04:57Z INFO JobRunner] Completing the job execution context.
[2026-05-13 03:04:57Z INFO JobRunner] Shutting down the job server queue.
[2026-05-13 03:04:57Z INFO JobServerQueue] Fire signal to shutdown all queues.
[2026-05-13 03:04:58Z INFO JobServerQueue] Job timeline record has been updated for the first time.
[2026-05-13 03:04:58Z INFO JobServerQueue] All queue process task stopped.
[2026-05-13 03:04:58Z INFO JobServerQueue] Try to append 1 batches web console lines for record '1aa17175-4ab3-43ab-8a70-1640151bedc7', success rate: 1/1.
[2026-05-13 03:04:58Z INFO JobServerQueue] Web console line queue drained.
[2026-05-13 03:04:58Z INFO JobServerQueue] Uploading 4 files in one shot.
[2026-05-13 03:04:58Z INFO JobServerQueue] Try to upload 4 log files or attachments, success rate: 4/4.
[2026-05-13 03:04:58Z INFO JobServerQueue] File upload queue drained.
[2026-05-13 03:04:58Z INFO JobServerQueue] Starting results-based upload queue...
[2026-05-13 03:04:58Z INFO JobServerQueue] Uploading 4 file(s) in one shot through results service.
[2026-05-13 03:04:58Z INFO JobServerQueue] Got a step log file to send to results service.
[2026-05-13 03:04:58Z INFO JobServerQueue] Starting upload of step log file to results service ResultsLog, C:\Users\usuario\Downloads\Practica6Alumnos\Practica6Alumnos\actions-runner\_diag\blocks\42770d14-da1f-4e23-8cef-c9bd24a72db0_bfa45b02-ca85-46a4-be35-ecaffbc884ca.1
[2026-05-13 03:04:59Z INFO JobServerQueue] Got a step log file to send to results service.
[2026-05-13 03:04:59Z INFO JobServerQueue] Starting upload of step log file to results service ResultsLog, C:\Users\usuario\Downloads\Practica6Alumnos\Practica6Alumnos\actions-runner\_diag\blocks\42770d14-da1f-4e23-8cef-c9bd24a72db0_e92dfdbf-c347-4fd7-b345-d892920859ad.1
[2026-05-13 03:04:59Z INFO JobServerQueue] Got a step log file to send to results service.
[2026-05-13 03:04:59Z INFO JobServerQueue] Starting upload of step log file to results service ResultsLog, C:\Users\usuario\Downloads\Practica6Alumnos\Practica6Alumnos\actions-runner\_diag\blocks\42770d14-da1f-4e23-8cef-c9bd24a72db0_1aa17175-4ab3-43ab-8a70-1640151bedc7.1
[2026-05-13 03:05:00Z INFO JobServerQueue] Got a job log file to send to results service.
[2026-05-13 03:05:00Z INFO JobServerQueue] Starting upload of job log file to results service ResultsLog, C:\Users\usuario\Downloads\Practica6Alumnos\Practica6Alumnos\actions-runner\_diag\blocks\42770d14-da1f-4e23-8cef-c9bd24a72db0_76160779-0f8b-5559-bca4-dc7238be1c0a.1
[2026-05-13 03:05:00Z INFO JobServerQueue] Tried to upload 4 file(s) to results, success rate: 4/4.
[2026-05-13 03:05:00Z INFO JobServerQueue] Results upload queue drained.
[2026-05-13 03:05:00Z INFO JobServerQueue] Timeline update queue drained.
[2026-05-13 03:05:00Z INFO JobServerQueue] Disposing job server ...
[2026-05-13 03:05:00Z INFO JobServerQueue] Disposing results server ...
[2026-05-13 03:05:00Z INFO JobServerQueue] All queue process tasks have been stopped, and all queues are drained.
[2026-05-13 03:05:00Z INFO TempDirectoryManager] Cleaning runner temp folder: C:\Users\usuario\Downloads\Practica6Alumnos\Practica6Alumnos\actions-runner\_work\_temp
[2026-05-13 03:05:00Z INFO HostContext] Well known directory 'Bin': 'C:\Users\usuario\Downloads\Practica6Alumnos\Practica6Alumnos\actions-runner\bin'
[2026-05-13 03:05:00Z INFO HostContext] Well known directory 'Root': 'C:\Users\usuario\Downloads\Practica6Alumnos\Practica6Alumnos\actions-runner'
[2026-05-13 03:05:00Z INFO HostContext] Well known directory 'Diag': 'C:\Users\usuario\Downloads\Practica6Alumnos\Practica6Alumnos\actions-runner\_diag'
[2026-05-13 03:05:00Z INFO HostContext] Well known config file 'Telemetry': 'C:\Users\usuario\Downloads\Practica6Alumnos\Practica6Alumnos\actions-runner\_diag\.telemetry'
[2026-05-13 03:05:00Z INFO JobRunner] Raising job completed against run service
[2026-05-13 03:05:01Z INFO Worker] Job completed.
